14:02:44 {"status":"ok","version":"v1","cache":false} HTTP=200
14:02:44 {"status":"ok","version":"v1","cache":false} HTTP=200
14:02:44 {"status":"ok","version":"v1","cache":false} HTTP=200
14:02:44 {"status":"ok","version":"v1","cache":false} HTTP=200
14:02:44 {"status":"ok","version":"v1","cache":false} HTTP=200
14:02:45 {"status":"ok","version":"v1","cache":false} HTTP=200
14:02:45 {"status":"ok","version":"v1","cache":false} HTTP=200
14:02:45 {"status":"ok","version":"v1","cache":false} HTTP=200
14:02:45 {"status":"ok","version":"v1","cache":false} HTTP=200
14:02:45 {"status":"ok","version":"v1","cache":false} HTTP=200
14:02:46 {"status":"ok","version":"v1","cache":false} HTTP=200
14:02:46 {"status":"ok","version":"v1","cache":false} HTTP=200
14:02:46 {"status":"ok","version":"v1","cache":false} HTTP=200
14:02:46 {"status":"ok","version":"v1","cache":false} HTTP=200
14:02:46 {"status":"ok","version":"v1","cache":false} HTTP=200
14:02:47 {"status":"ok","version":"v1","cache":false} HTTP=200
14:02:47 {"status":"ok","version":"v1","cache":false} HTTP=200
14:02:47 {"status":"ok","version":"v1","cache":false} HTTP=200
14:02:47 {"status":"ok","version":"v1","cache":false} HTTP=200
14:02:48 {"status":"ok","version":"v1","cache":false} HTTP=200
14:02:48 {"status":"ok","version":"v1","cache":false} HTTP=200
14:02:48 {"status":"ok","version":"v1","cache":false} HTTP=200
14:02:48 {"status":"ok","version":"v1","cache":false} HTTP=200
14:02:48 {"status":"ok","version":"v1","cache":false} HTTP=200
14:02:49 {"status":"ok","version":"v1","cache":false} HTTP=200
14:02:49 {"status":"ok","version":"v1","cache":false} HTTP=200
14:02:49 {"status":"ok","version":"v1","cache":false} HTTP=200
14:02:49 {"status":"ok","version":"v1","cache":false} HTTP=200
14:02:49 {"status":"ok","version":"v1","cache":false} HTTP=200
14:02:50 {"status":"ok","version":"v1","cache":false} HTTP=200
14:02:50 {"status":"ok","version":"v1","cache":false} HTTP=200
14:02:50 {"status":"ok","version":"v1","cache":false} HTTP=200
14:02:50 {"status":"ok","version":"v1","cache":false} HTTP=200
14:02:50 {"status":"ok","version":"v1","cache":false} HTTP=200
14:02:51 {"status":"ok","version":"v1","cache":false} HTTP=200
14:02:51 {"status":"ok","version":"v1","cache":false} HTTP=200
14:02:51 {"status":"ok","version":"v1","cache":false} HTTP=200
14:02:51 {"status":"ok","version":"v1","cache":false} HTTP=200
14:02:51 {"status":"ok","version":"v1","cache":false} HTTP=200
14:02:52 {"status":"ok","version":"v1","cache":false} HTTP=200
14:02:52 {"status":"ok","version":"v1","cache":false} HTTP=200
14:02:52 {"status":"ok","version":"v1","cache":false} HTTP=200
14:02:52  HTTP=000
14:02:53 {"status":"ok","version":"v2","cache":false,"served_by":"spam-api-9584c9465-rh72h","node":"minikube-m02"} HTTP=200
14:02:53 {"status":"ok","version":"v1","cache":false} HTTP=200
14:02:53 {"status":"ok","version":"v2","cache":false,"served_by":"spam-api-9584c9465-rh72h","node":"minikube-m02"} HTTP=200
14:02:53 {"status":"ok","version":"v2","cache":false,"served_by":"spam-api-9584c9465-rh72h","node":"minikube-m02"} HTTP=200
14:02:53 {"status":"ok","version":"v1","cache":false} HTTP=200
14:02:54 {"status":"ok","version":"v1","cache":false} HTTP=200
14:02:54 {"status":"ok","version":"v1","cache":false} HTTP=200
14:02:54 {"status":"ok","version":"v2","cache":false,"served_by":"spam-api-9584c9465-rh72h","node":"minikube-m02"} HTTP=200
14:02:54 {"status":"ok","version":"v1","cache":false} HTTP=200
14:02:54 {"status":"ok","version":"v2","cache":false,"served_by":"spam-api-9584c9465-rh72h","node":"minikube-m02"} HTTP=200
14:02:55 {"status":"ok","version":"v2","cache":false,"served_by":"spam-api-9584c9465-rh72h","node":"minikube-m02"} HTTP=200
14:02:55 {"status":"ok","version":"v2","cache":false,"served_by":"spam-api-9584c9465-rh72h","node":"minikube-m02"} HTTP=200
14:02:55 {"status":"ok","version":"v1","cache":false} HTTP=200
14:02:55 {"status":"ok","version":"v2","cache":false,"served_by":"spam-api-9584c9465-rh72h","node":"minikube-m02"} HTTP=200
14:02:55 {"status":"ok","version":"v1","cache":false} HTTP=200
14:02:56 {"status":"ok","version":"v2","cache":false,"served_by":"spam-api-9584c9465-rh72h","node":"minikube-m02"} HTTP=200
14:02:56 {"status":"ok","version":"v1","cache":false} HTTP=200
14:02:56 {"status":"ok","version":"v2","cache":false,"served_by":"spam-api-9584c9465-rh72h","node":"minikube-m02"} HTTP=200
14:02:56 {"status":"ok","version":"v2","cache":false,"served_by":"spam-api-9584c9465-rh72h","node":"minikube-m02"} HTTP=200
14:02:56 {"status":"ok","version":"v2","cache":false,"served_by":"spam-api-9584c9465-rh72h","node":"minikube-m02"} HTTP=200
14:02:57 {"status":"ok","version":"v1","cache":false} HTTP=200
14:02:57 {"status":"ok","version":"v1","cache":false} HTTP=200
14:02:57 {"status":"ok","version":"v1","cache":false} HTTP=200
14:02:57 {"status":"ok","version":"v2","cache":false,"served_by":"spam-api-9584c9465-rh72h","node":"minikube-m02"} HTTP=200
14:02:57 {"status":"ok","version":"v1","cache":false} HTTP=200
14:02:58 {"status":"ok","version":"v2","cache":false,"served_by":"spam-api-9584c9465-rh72h","node":"minikube-m02"} HTTP=200
14:02:58 {"status":"ok","version":"v2","cache":false,"served_by":"spam-api-9584c9465-rh72h","node":"minikube-m02"} HTTP=200
14:02:58 {"status":"ok","version":"v2","cache":false,"served_by":"spam-api-9584c9465-rh72h","node":"minikube-m02"} HTTP=200
14:02:58 {"status":"ok","version":"v2","cache":false,"served_by":"spam-api-9584c9465-rh72h","node":"minikube-m02"} HTTP=200
14:02:59  HTTP=000
14:02:59 {"status":"ok","version":"v2","cache":false,"served_by":"spam-api-9584c9465-p9ccd","node":"minikube"} HTTP=200
14:02:59 {"status":"ok","version":"v2","cache":false,"served_by":"spam-api-9584c9465-rh72h","node":"minikube-m02"} HTTP=200
14:02:59 {"status":"ok","version":"v2","cache":false,"served_by":"spam-api-9584c9465-p9ccd","node":"minikube"} HTTP=200
14:02:59 {"status":"ok","version":"v2","cache":false,"served_by":"spam-api-9584c9465-rh72h","node":"minikube-m02"} HTTP=200
14:03:00 {"status":"ok","version":"v2","cache":false,"served_by":"spam-api-9584c9465-p9ccd","node":"minikube"} HTTP=200
14:03:00 {"status":"ok","version":"v2","cache":false,"served_by":"spam-api-9584c9465-p9ccd","node":"minikube"} HTTP=200
14:03:00 {"status":"ok","version":"v2","cache":false,"served_by":"spam-api-9584c9465-p9ccd","node":"minikube"} HTTP=200
14:03:00 {"status":"ok","version":"v2","cache":false,"served_by":"spam-api-9584c9465-rh72h","node":"minikube-m02"} HTTP=200
14:03:00 {"status":"ok","version":"v2","cache":false,"served_by":"spam-api-9584c9465-p9ccd","node":"minikube"} HTTP=200
14:03:01 {"status":"ok","version":"v2","cache":false,"served_by":"spam-api-9584c9465-p9ccd","node":"minikube"} HTTP=200
14:03:01 {"status":"ok","version":"v2","cache":false,"served_by":"spam-api-9584c9465-p9ccd","node":"minikube"} HTTP=200
14:03:01 {"status":"ok","version":"v2","cache":false,"served_by":"spam-api-9584c9465-rh72h","node":"minikube-m02"} HTTP=200
14:03:01 {"status":"ok","version":"v2","cache":false,"served_by":"spam-api-9584c9465-p9ccd","node":"minikube"} HTTP=200
14:03:01 {"status":"ok","version":"v2","cache":false,"served_by":"spam-api-9584c9465-p9ccd","node":"minikube"} HTTP=200
14:03:02 {"status":"ok","version":"v2","cache":false,"served_by":"spam-api-9584c9465-p9ccd","node":"minikube"} HTTP=200
14:03:02 {"status":"ok","version":"v2","cache":false,"served_by":"spam-api-9584c9465-rh72h","node":"minikube-m02"} HTTP=200
14:03:02 {"status":"ok","version":"v2","cache":false,"served_by":"spam-api-9584c9465-p9ccd","node":"minikube"} HTTP=200
14:03:02 {"status":"ok","version":"v2","cache":false,"served_by":"spam-api-9584c9465-rh72h","node":"minikube-m02"} HTTP=200
14:03:02 {"status":"ok","version":"v2","cache":false,"served_by":"spam-api-9584c9465-p9ccd","node":"minikube"} HTTP=200
14:03:03 {"status":"ok","version":"v2","cache":false,"served_by":"spam-api-9584c9465-rh72h","node":"minikube-m02"} HTTP=200
14:03:03 {"status":"ok","version":"v2","cache":false,"served_by":"spam-api-9584c9465-rh72h","node":"minikube-m02"} HTTP=200
14:03:03 {"status":"ok","version":"v2","cache":false,"served_by":"spam-api-9584c9465-p9ccd","node":"minikube"} HTTP=200
14:03:03 {"status":"ok","version":"v2","cache":false,"served_by":"spam-api-9584c9465-rh72h","node":"minikube-m02"} HTTP=200
14:03:03 {"status":"ok","version":"v2","cache":false,"served_by":"spam-api-9584c9465-p9ccd","node":"minikube"} HTTP=200
14:03:04 {"status":"ok","version":"v2","cache":false,"served_by":"spam-api-9584c9465-p9ccd","node":"minikube"} HTTP=200
14:03:04 {"status":"ok","version":"v2","cache":false,"served_by":"spam-api-9584c9465-p9ccd","node":"minikube"} HTTP=200
14:03:04 {"status":"ok","version":"v2","cache":false,"served_by":"spam-api-9584c9465-rh72h","node":"minikube-m02"} HTTP=200
14:03:04 {"status":"ok","version":"v2","cache":false,"served_by":"spam-api-9584c9465-rh72h","node":"minikube-m02"} HTTP=200
14:03:05 {"status":"ok","version":"v2","cache":false,"served_by":"spam-api-9584c9465-rh72h","node":"minikube-m02"} HTTP=200
14:03:05 {"status":"ok","version":"v2","cache":false,"served_by":"spam-api-9584c9465-rh72h","node":"minikube-m02"} HTTP=200
14:03:05 {"status":"ok","version":"v2","cache":false,"served_by":"spam-api-9584c9465-rh72h","node":"minikube-m02"} HTTP=200
14:03:05 {"status":"ok","version":"v2","cache":false,"served_by":"spam-api-9584c9465-rh72h","node":"minikube-m02"} HTTP=200
14:03:05 {"status":"ok","version":"v2","cache":false,"served_by":"spam-api-9584c9465-p9ccd","node":"minikube"} HTTP=200
14:03:06 {"status":"ok","version":"v2","cache":false,"served_by":"spam-api-9584c9465-rh72h","node":"minikube-m02"} HTTP=200
14:03:06 {"status":"ok","version":"v2","cache":false,"served_by":"spam-api-9584c9465-p9ccd","node":"minikube"} HTTP=200
14:03:06 {"status":"ok","version":"v2","cache":false,"served_by":"spam-api-9584c9465-rh72h","node":"minikube-m02"} HTTP=200
14:03:06 {"status":"ok","version":"v2","cache":false,"served_by":"spam-api-9584c9465-p9ccd","node":"minikube"} HTTP=200
14:03:06 {"status":"ok","version":"v2","cache":false,"served_by":"spam-api-9584c9465-p9ccd","node":"minikube"} HTTP=200
14:03:07 {"status":"ok","version":"v2","cache":false,"served_by":"spam-api-9584c9465-rh72h","node":"minikube-m02"} HTTP=200
14:03:07 {"status":"ok","version":"v2","cache":false,"served_by":"spam-api-9584c9465-p9ccd","node":"minikube"} HTTP=200
14:03:07 {"status":"ok","version":"v2","cache":false,"served_by":"spam-api-9584c9465-rh72h","node":"minikube-m02"} HTTP=200
14:03:07 {"status":"ok","version":"v2","cache":false,"served_by":"spam-api-9584c9465-p9ccd","node":"minikube"} HTTP=200
14:03:07 {"status":"ok","version":"v2","cache":false,"served_by":"spam-api-9584c9465-p9ccd","node":"minikube"} HTTP=200
14:03:08 {"status":"ok","version":"v2","cache":false,"served_by":"spam-api-9584c9465-p9ccd","node":"minikube"} HTTP=200
14:03:08 {"status":"ok","version":"v2","cache":false,"served_by":"spam-api-9584c9465-rh72h","node":"minikube-m02"} HTTP=200
14:03:08 {"status":"ok","version":"v2","cache":false,"served_by":"spam-api-9584c9465-rh72h","node":"minikube-m02"} HTTP=200
14:03:08 {"status":"ok","version":"v2","cache":false,"served_by":"spam-api-9584c9465-p9ccd","node":"minikube"} HTTP=200
14:03:08 {"status":"ok","version":"v2","cache":false,"served_by":"spam-api-9584c9465-p9ccd","node":"minikube"} HTTP=200
14:03:09 {"status":"ok","version":"v2","cache":false,"served_by":"spam-api-9584c9465-p9ccd","node":"minikube"} HTTP=200
14:03:09 {"status":"ok","version":"v2","cache":false,"served_by":"spam-api-9584c9465-p9ccd","node":"minikube"} HTTP=200
14:03:09 {"status":"ok","version":"v2","cache":false,"served_by":"spam-api-9584c9465-rh72h","node":"minikube-m02"} HTTP=200
14:03:09 {"status":"ok","version":"v2","cache":false,"served_by":"spam-api-9584c9465-rh72h","node":"minikube-m02"} HTTP=200
14:03:09 {"status":"ok","version":"v2","cache":false,"served_by":"spam-api-9584c9465-rh72h","node":"minikube-m02"} HTTP=200
14:03:10 {"status":"ok","version":"v2","cache":false,"served_by":"spam-api-9584c9465-rh72h","node":"minikube-m02"} HTTP=200
14:03:10 {"status":"ok","version":"v2","cache":false,"served_by":"spam-api-9584c9465-p9ccd","node":"minikube"} HTTP=200
14:03:10 {"status":"ok","version":"v2","cache":false,"served_by":"spam-api-9584c9465-p9ccd","node":"minikube"} HTTP=200
14:03:10 {"status":"ok","version":"v2","cache":false,"served_by":"spam-api-9584c9465-p9ccd","node":"minikube"} HTTP=200
14:03:11 {"status":"ok","version":"v2","cache":false,"served_by":"spam-api-9584c9465-rh72h","node":"minikube-m02"} HTTP=200
14:03:11 {"status":"ok","version":"v2","cache":false,"served_by":"spam-api-9584c9465-rh72h","node":"minikube-m02"} HTTP=200
14:03:11 {"status":"ok","version":"v2","cache":false,"served_by":"spam-api-9584c9465-p9ccd","node":"minikube"} HTTP=200
14:03:11 {"status":"ok","version":"v2","cache":false,"served_by":"spam-api-9584c9465-p9ccd","node":"minikube"} HTTP=200
14:03:11 {"status":"ok","version":"v2","cache":false,"served_by":"spam-api-9584c9465-rh72h","node":"minikube-m02"} HTTP=200
14:03:12 {"status":"ok","version":"v2","cache":false,"served_by":"spam-api-9584c9465-p9ccd","node":"minikube"} HTTP=200
14:03:12 {"status":"ok","version":"v2","cache":false,"served_by":"spam-api-9584c9465-p9ccd","node":"minikube"} HTTP=200
14:03:12 {"status":"ok","version":"v2","cache":false,"served_by":"spam-api-9584c9465-rh72h","node":"minikube-m02"} HTTP=200
14:03:12 {"status":"ok","version":"v2","cache":false,"served_by":"spam-api-9584c9465-p9ccd","node":"minikube"} HTTP=200
14:03:12 {"status":"ok","version":"v2","cache":false,"served_by":"spam-api-9584c9465-p9ccd","node":"minikube"} HTTP=200
14:03:13 {"status":"ok","version":"v2","cache":false,"served_by":"spam-api-9584c9465-p9ccd","node":"minikube"} HTTP=200
14:03:13 {"status":"ok","version":"v2","cache":false,"served_by":"spam-api-9584c9465-p9ccd","node":"minikube"} HTTP=200
14:03:13 {"status":"ok","version":"v2","cache":false,"served_by":"spam-api-9584c9465-p9ccd","node":"minikube"} HTTP=200
14:03:13 {"status":"ok","version":"v2","cache":false,"served_by":"spam-api-9584c9465-p9ccd","node":"minikube"} HTTP=200
14:03:13 {"status":"ok","version":"v2","cache":false,"served_by":"spam-api-9584c9465-p9ccd","node":"minikube"} HTTP=200
14:03:14 {"status":"ok","version":"v2","cache":false,"served_by":"spam-api-9584c9465-rh72h","node":"minikube-m02"} HTTP=200
14:03:14 {"status":"ok","version":"v2","cache":false,"served_by":"spam-api-9584c9465-p9ccd","node":"minikube"} HTTP=200
14:03:14 {"status":"ok","version":"v2","cache":false,"served_by":"spam-api-9584c9465-p9ccd","node":"minikube"} HTTP=200
14:03:14 {"status":"ok","version":"v2","cache":false,"served_by":"spam-api-9584c9465-p9ccd","node":"minikube"} HTTP=200
14:03:14 {"status":"ok","version":"v2","cache":false,"served_by":"spam-api-9584c9465-p9ccd","node":"minikube"} HTTP=200
14:03:15 {"status":"ok","version":"v2","cache":false,"served_by":"spam-api-9584c9465-p9ccd","node":"minikube"} HTTP=200
14:03:15 {"status":"ok","version":"v2","cache":false,"served_by":"spam-api-9584c9465-p9ccd","node":"minikube"} HTTP=200
14:03:15 {"status":"ok","version":"v2","cache":false,"served_by":"spam-api-9584c9465-rh72h","node":"minikube-m02"} HTTP=200
14:03:15 {"status":"ok","version":"v2","cache":false,"served_by":"spam-api-9584c9465-rh72h","node":"minikube-m02"} HTTP=200
14:03:16 {"status":"ok","version":"v2","cache":false,"served_by":"spam-api-9584c9465-rh72h","node":"minikube-m02"} HTTP=200
14:03:16 {"status":"ok","version":"v2","cache":false,"served_by":"spam-api-9584c9465-p9ccd","node":"minikube"} HTTP=200
14:03:16 {"status":"ok","version":"v2","cache":false,"served_by":"spam-api-9584c9465-p9ccd","node":"minikube"} HTTP=200
14:03:16 {"status":"ok","version":"v2","cache":false,"served_by":"spam-api-9584c9465-rh72h","node":"minikube-m02"} HTTP=200
14:03:16 {"status":"ok","version":"v2","cache":false,"served_by":"spam-api-9584c9465-rh72h","node":"minikube-m02"} HTTP=200
14:03:17 {"status":"ok","version":"v2","cache":false,"served_by":"spam-api-9584c9465-p9ccd","node":"minikube"} HTTP=200
14:03:17 {"status":"ok","version":"v2","cache":false,"served_by":"spam-api-9584c9465-rh72h","node":"minikube-m02"} HTTP=200
14:03:17 {"status":"ok","version":"v2","cache":false,"served_by":"spam-api-9584c9465-p9ccd","node":"minikube"} HTTP=200
14:03:17 {"status":"ok","version":"v2","cache":false,"served_by":"spam-api-9584c9465-rh72h","node":"minikube-m02"} HTTP=200
14:03:17 {"status":"ok","version":"v2","cache":false,"served_by":"spam-api-9584c9465-rh72h","node":"minikube-m02"} HTTP=200
14:03:18 {"status":"ok","version":"v2","cache":false,"served_by":"spam-api-9584c9465-rh72h","node":"minikube-m02"} HTTP=200
14:03:18 {"status":"ok","version":"v2","cache":false,"served_by":"spam-api-9584c9465-p9ccd","node":"minikube"} HTTP=200
14:03:18 {"status":"ok","version":"v2","cache":false,"served_by":"spam-api-9584c9465-p9ccd","node":"minikube"} HTTP=200
14:03:18 {"status":"ok","version":"v2","cache":false,"served_by":"spam-api-9584c9465-p9ccd","node":"minikube"} HTTP=200
14:03:18 {"status":"ok","version":"v2","cache":false,"served_by":"spam-api-9584c9465-p9ccd","node":"minikube"} HTTP=200
14:03:19 {"status":"ok","version":"v2","cache":false,"served_by":"spam-api-9584c9465-p9ccd","node":"minikube"} HTTP=200
14:03:19 {"status":"ok","version":"v2","cache":false,"served_by":"spam-api-9584c9465-rh72h","node":"minikube-m02"} HTTP=200
14:03:19 {"status":"ok","version":"v2","cache":false,"served_by":"spam-api-9584c9465-rh72h","node":"minikube-m02"} HTTP=200
14:03:19 {"status":"ok","version":"v2","cache":false,"served_by":"spam-api-9584c9465-rh72h","node":"minikube-m02"} HTTP=200
14:03:19 {"status":"ok","version":"v2","cache":false,"served_by":"spam-api-9584c9465-rh72h","node":"minikube-m02"} HTTP=200
14:03:20 {"status":"ok","version":"v2","cache":false,"served_by":"spam-api-9584c9465-p9ccd","node":"minikube"} HTTP=200
14:03:20 {"status":"ok","version":"v2","cache":false,"served_by":"spam-api-9584c9465-rh72h","node":"minikube-m02"} HTTP=200
14:03:20 {"status":"ok","version":"v2","cache":false,"served_by":"spam-api-9584c9465-p9ccd","node":"minikube"} HTTP=200
14:03:20 {"status":"ok","version":"v2","cache":false,"served_by":"spam-api-9584c9465-p9ccd","node":"minikube"} HTTP=200
14:03:20 {"status":"ok","version":"v2","cache":false,"served_by":"spam-api-9584c9465-rh72h","node":"minikube-m02"} HTTP=200
14:03:21 {"status":"ok","version":"v2","cache":false,"served_by":"spam-api-9584c9465-rh72h","node":"minikube-m02"} HTTP=200
14:03:21 {"status":"ok","version":"v2","cache":false,"served_by":"spam-api-9584c9465-rh72h","node":"minikube-m02"} HTTP=200
14:03:21 {"status":"ok","version":"v2","cache":false,"served_by":"spam-api-9584c9465-p9ccd","node":"minikube"} HTTP=200
14:03:21 {"status":"ok","version":"v2","cache":false,"served_by":"spam-api-9584c9465-p9ccd","node":"minikube"} HTTP=200
14:03:22 {"status":"ok","version":"v2","cache":false,"served_by":"spam-api-9584c9465-rh72h","node":"minikube-m02"} HTTP=200
14:03:22 {"status":"ok","version":"v2","cache":false,"served_by":"spam-api-9584c9465-p9ccd","node":"minikube"} HTTP=200
14:03:22 {"status":"ok","version":"v2","cache":false,"served_by":"spam-api-9584c9465-rh72h","node":"minikube-m02"} HTTP=200
14:03:22 {"status":"ok","version":"v2","cache":false,"served_by":"spam-api-9584c9465-p9ccd","node":"minikube"} HTTP=200
14:03:22 {"status":"ok","version":"v2","cache":false,"served_by":"spam-api-9584c9465-rh72h","node":"minikube-m02"} HTTP=200
14:03:23 {"status":"ok","version":"v2","cache":false,"served_by":"spam-api-9584c9465-p9ccd","node":"minikube"} HTTP=200
14:03:23 {"status":"ok","version":"v2","cache":false,"served_by":"spam-api-9584c9465-rh72h","node":"minikube-m02"} HTTP=200
14:03:23 {"status":"ok","version":"v2","cache":false,"served_by":"spam-api-9584c9465-p9ccd","node":"minikube"} HTTP=200
14:03:23 {"status":"ok","version":"v2","cache":false,"served_by":"spam-api-9584c9465-rh72h","node":"minikube-m02"} HTTP=200
14:03:23 {"status":"ok","version":"v2","cache":false,"served_by":"spam-api-9584c9465-rh72h","node":"minikube-m02"} HTTP=200
14:03:24 {"status":"ok","version":"v2","cache":false,"served_by":"spam-api-9584c9465-p9ccd","node":"minikube"} HTTP=200
14:03:24 {"status":"ok","version":"v2","cache":false,"served_by":"spam-api-9584c9465-p9ccd","node":"minikube"} HTTP=200
14:03:24 {"status":"ok","version":"v2","cache":false,"served_by":"spam-api-9584c9465-p9ccd","node":"minikube"} HTTP=200
14:03:24 {"status":"ok","version":"v2","cache":false,"served_by":"spam-api-9584c9465-rh72h","node":"minikube-m02"} HTTP=200
14:03:24 {"status":"ok","version":"v2","cache":false,"served_by":"spam-api-9584c9465-rh72h","node":"minikube-m02"} HTTP=200
14:03:25 {"status":"ok","version":"v2","cache":false,"served_by":"spam-api-9584c9465-p9ccd","node":"minikube"} HTTP=200
14:03:25 {"status":"ok","version":"v2","cache":false,"served_by":"spam-api-9584c9465-rh72h","node":"minikube-m02"} HTTP=200
14:03:25 {"status":"ok","version":"v2","cache":false,"served_by":"spam-api-9584c9465-p9ccd","node":"minikube"} HTTP=200
14:03:25 {"status":"ok","version":"v2","cache":false,"served_by":"spam-api-9584c9465-p9ccd","node":"minikube"} HTTP=200
14:03:25 {"status":"ok","version":"v2","cache":false,"served_by":"spam-api-9584c9465-rh72h","node":"minikube-m02"} HTTP=200
14:03:26 {"status":"ok","version":"v2","cache":false,"served_by":"spam-api-9584c9465-rh72h","node":"minikube-m02"} HTTP=200
14:03:26 {"status":"ok","version":"v2","cache":false,"served_by":"spam-api-9584c9465-rh72h","node":"minikube-m02"} HTTP=200
14:03:26 {"status":"ok","version":"v2","cache":false,"served_by":"spam-api-9584c9465-rh72h","node":"minikube-m02"} HTTP=200
14:03:26 {"status":"ok","version":"v2","cache":false,"served_by":"spam-api-9584c9465-p9ccd","node":"minikube"} HTTP=200
14:03:26 {"status":"ok","version":"v2","cache":false,"served_by":"spam-api-9584c9465-rh72h","node":"minikube-m02"} HTTP=200
14:03:27 {"status":"ok","version":"v2","cache":false,"served_by":"spam-api-9584c9465-p9ccd","node":"minikube"} HTTP=200
14:03:27 {"status":"ok","version":"v2","cache":false,"served_by":"spam-api-9584c9465-p9ccd","node":"minikube"} HTTP=200
14:03:27 {"status":"ok","version":"v2","cache":false,"served_by":"spam-api-9584c9465-rh72h","node":"minikube-m02"} HTTP=200
14:03:27 {"status":"ok","version":"v2","cache":false,"served_by":"spam-api-9584c9465-rh72h","node":"minikube-m02"} HTTP=200
14:03:28 {"status":"ok","version":"v2","cache":false,"served_by":"spam-api-9584c9465-rh72h","node":"minikube-m02"} HTTP=200
14:03:28 {"status":"ok","version":"v2","cache":false,"served_by":"spam-api-9584c9465-p9ccd","node":"minikube"} HTTP=200
14:03:28 {"status":"ok","version":"v2","cache":false,"served_by":"spam-api-9584c9465-p9ccd","node":"minikube"} HTTP=200
14:03:28 {"status":"ok","version":"v2","cache":false,"served_by":"spam-api-9584c9465-p9ccd","node":"minikube"} HTTP=200
14:03:28 {"status":"ok","version":"v2","cache":false,"served_by":"spam-api-9584c9465-rh72h","node":"minikube-m02"} HTTP=200
14:03:29 {"status":"ok","version":"v2","cache":false,"served_by":"spam-api-9584c9465-p9ccd","node":"minikube"} HTTP=200
14:03:29 {"status":"ok","version":"v2","cache":false,"served_by":"spam-api-9584c9465-p9ccd","node":"minikube"} HTTP=200
14:03:29 {"status":"ok","version":"v2","cache":false,"served_by":"spam-api-9584c9465-p9ccd","node":"minikube"} HTTP=200
14:03:29 {"status":"ok","version":"v2","cache":false,"served_by":"spam-api-9584c9465-rh72h","node":"minikube-m02"} HTTP=200
14:03:29 {"status":"ok","version":"v2","cache":false,"served_by":"spam-api-9584c9465-rh72h","node":"minikube-m02"} HTTP=200
14:03:30 {"status":"ok","version":"v2","cache":false,"served_by":"spam-api-9584c9465-p9ccd","node":"minikube"} HTTP=200
14:03:30 {"status":"ok","version":"v2","cache":false,"served_by":"spam-api-9584c9465-rh72h","node":"minikube-m02"} HTTP=200
14:03:30 {"status":"ok","version":"v2","cache":false,"served_by":"spam-api-9584c9465-rh72h","node":"minikube-m02"} HTTP=200
14:03:30 {"status":"ok","version":"v2","cache":false,"served_by":"spam-api-9584c9465-p9ccd","node":"minikube"} HTTP=200
14:03:30 {"status":"ok","version":"v2","cache":false,"served_by":"spam-api-9584c9465-p9ccd","node":"minikube"} HTTP=200
14:03:31 {"status":"ok","version":"v2","cache":false,"served_by":"spam-api-9584c9465-p9ccd","node":"minikube"} HTTP=200
14:03:31 {"status":"ok","version":"v2","cache":false,"served_by":"spam-api-9584c9465-rh72h","node":"minikube-m02"} HTTP=200
14:03:31 {"status":"ok","version":"v2","cache":false,"served_by":"spam-api-9584c9465-p9ccd","node":"minikube"} HTTP=200
14:03:31 {"status":"ok","version":"v2","cache":false,"served_by":"spam-api-9584c9465-rh72h","node":"minikube-m02"} HTTP=200
14:03:31 {"status":"ok","version":"v2","cache":false,"served_by":"spam-api-9584c9465-p9ccd","node":"minikube"} HTTP=200
14:03:32 {"status":"ok","version":"v2","cache":false,"served_by":"spam-api-9584c9465-p9ccd","node":"minikube"} HTTP=200
14:03:32 {"status":"ok","version":"v2","cache":false,"served_by":"spam-api-9584c9465-p9ccd","node":"minikube"} HTTP=200
14:03:32 {"status":"ok","version":"v2","cache":false,"served_by":"spam-api-9584c9465-p9ccd","node":"minikube"} HTTP=200
14:03:32 {"status":"ok","version":"v2","cache":false,"served_by":"spam-api-9584c9465-rh72h","node":"minikube-m02"} HTTP=200
14:03:32 {"status":"ok","version":"v2","cache":false,"served_by":"spam-api-9584c9465-p9ccd","node":"minikube"} HTTP=200
14:03:33 {"status":"ok","version":"v2","cache":false,"served_by":"spam-api-9584c9465-rh72h","node":"minikube-m02"} HTTP=200
14:03:33 {"status":"ok","version":"v2","cache":false,"served_by":"spam-api-9584c9465-rh72h","node":"minikube-m02"} HTTP=200
14:03:33 {"status":"ok","version":"v2","cache":false,"served_by":"spam-api-9584c9465-p9ccd","node":"minikube"} HTTP=200
14:03:33 {"status":"ok","version":"v2","cache":false,"served_by":"spam-api-9584c9465-rh72h","node":"minikube-m02"} HTTP=200
14:03:34 {"status":"ok","version":"v2","cache":false,"served_by":"spam-api-9584c9465-rh72h","node":"minikube-m02"} HTTP=200
14:03:34 {"status":"ok","version":"v2","cache":false,"served_by":"spam-api-9584c9465-rh72h","node":"minikube-m02"} HTTP=200
14:03:34 {"status":"ok","version":"v2","cache":false,"served_by":"spam-api-9584c9465-p9ccd","node":"minikube"} HTTP=200
14:03:34 {"status":"ok","version":"v2","cache":false,"served_by":"spam-api-9584c9465-p9ccd","node":"minikube"} HTTP=200
14:03:34 {"status":"ok","version":"v2","cache":false,"served_by":"spam-api-9584c9465-rh72h","node":"minikube-m02"} HTTP=200
14:03:35 {"status":"ok","version":"v2","cache":false,"served_by":"spam-api-9584c9465-rh72h","node":"minikube-m02"} HTTP=200
14:03:35 {"status":"ok","version":"v2","cache":false,"served_by":"spam-api-9584c9465-rh72h","node":"minikube-m02"} HTTP=200
14:03:35 {"status":"ok","version":"v2","cache":false,"served_by":"spam-api-9584c9465-p9ccd","node":"minikube"} HTTP=200
14:03:35 {"status":"ok","version":"v2","cache":false,"served_by":"spam-api-9584c9465-p9ccd","node":"minikube"} HTTP=200
14:03:35 {"status":"ok","version":"v2","cache":false,"served_by":"spam-api-9584c9465-p9ccd","node":"minikube"} HTTP=200
14:03:36 {"status":"ok","version":"v2","cache":false,"served_by":"spam-api-9584c9465-p9ccd","node":"minikube"} HTTP=200
14:03:36 {"status":"ok","version":"v2","cache":false,"served_by":"spam-api-9584c9465-p9ccd","node":"minikube"} HTTP=200
14:03:36 {"status":"ok","version":"v2","cache":false,"served_by":"spam-api-9584c9465-p9ccd","node":"minikube"} HTTP=200
14:03:36 {"status":"ok","version":"v2","cache":false,"served_by":"spam-api-9584c9465-p9ccd","node":"minikube"} HTTP=200
14:03:36 {"status":"ok","version":"v2","cache":false,"served_by":"spam-api-9584c9465-rh72h","node":"minikube-m02"} HTTP=200
14:03:37 {"status":"ok","version":"v2","cache":false,"served_by":"spam-api-9584c9465-rh72h","node":"minikube-m02"} HTTP=200
14:03:37 {"status":"ok","version":"v2","cache":false,"served_by":"spam-api-9584c9465-rh72h","node":"minikube-m02"} HTTP=200
14:03:37 {"status":"ok","version":"v2","cache":false,"served_by":"spam-api-9584c9465-p9ccd","node":"minikube"} HTTP=200
14:03:37 {"status":"ok","version":"v2","cache":false,"served_by":"spam-api-9584c9465-rh72h","node":"minikube-m02"} HTTP=200
14:03:37 {"status":"ok","version":"v2","cache":false,"served_by":"spam-api-9584c9465-p9ccd","node":"minikube"} HTTP=200
14:03:38 {"status":"ok","version":"v2","cache":false,"served_by":"spam-api-9584c9465-p9ccd","node":"minikube"} HTTP=200
14:03:38 {"status":"ok","version":"v2","cache":false,"served_by":"spam-api-9584c9465-rh72h","node":"minikube-m02"} HTTP=200
14:03:38 {"status":"ok","version":"v2","cache":false,"served_by":"spam-api-9584c9465-rh72h","node":"minikube-m02"} HTTP=200
14:03:38 {"status":"ok","version":"v2","cache":false,"served_by":"spam-api-9584c9465-p9ccd","node":"minikube"} HTTP=200
14:03:39 {"status":"ok","version":"v2","cache":false,"served_by":"spam-api-9584c9465-rh72h","node":"minikube-m02"} HTTP=200
14:03:39 {"status":"ok","version":"v2","cache":false,"served_by":"spam-api-9584c9465-p9ccd","node":"minikube"} HTTP=200
14:03:39 {"status":"ok","version":"v2","cache":false,"served_by":"spam-api-9584c9465-p9ccd","node":"minikube"} HTTP=200
14:03:39 {"status":"ok","version":"v2","cache":false,"served_by":"spam-api-9584c9465-p9ccd","node":"minikube"} HTTP=200
14:03:39 {"status":"ok","version":"v2","cache":false,"served_by":"spam-api-9584c9465-p9ccd","node":"minikube"} HTTP=200
14:03:40 {"status":"ok","version":"v2","cache":false,"served_by":"spam-api-9584c9465-rh72h","node":"minikube-m02"} HTTP=200
14:03:40 {"status":"ok","version":"v2","cache":false,"served_by":"spam-api-9584c9465-rh72h","node":"minikube-m02"} HTTP=200
14:03:40 {"status":"ok","version":"v2","cache":false,"served_by":"spam-api-9584c9465-rh72h","node":"minikube-m02"} HTTP=200
14:03:40 {"status":"ok","version":"v2","cache":false,"served_by":"spam-api-9584c9465-p9ccd","node":"minikube"} HTTP=200
14:03:40 {"status":"ok","version":"v2","cache":false,"served_by":"spam-api-9584c9465-rh72h","node":"minikube-m02"} HTTP=200
14:03:41 {"status":"ok","version":"v2","cache":false,"served_by":"spam-api-9584c9465-rh72h","node":"minikube-m02"} HTTP=200
14:03:41 {"status":"ok","version":"v2","cache":false,"served_by":"spam-api-9584c9465-rh72h","node":"minikube-m02"} HTTP=200
14:03:41 {"status":"ok","version":"v2","cache":false,"served_by":"spam-api-9584c9465-p9ccd","node":"minikube"} HTTP=200
14:03:41 {"status":"ok","version":"v2","cache":false,"served_by":"spam-api-9584c9465-rh72h","node":"minikube-m02"} HTTP=200
14:03:41 {"status":"ok","version":"v2","cache":false,"served_by":"spam-api-9584c9465-rh72h","node":"minikube-m02"} HTTP=200
14:03:42 {"status":"ok","version":"v2","cache":false,"served_by":"spam-api-9584c9465-rh72h","node":"minikube-m02"} HTTP=200
14:03:42 {"status":"ok","version":"v2","cache":false,"served_by":"spam-api-9584c9465-p9ccd","node":"minikube"} HTTP=200
14:03:42 {"status":"ok","version":"v2","cache":false,"served_by":"spam-api-9584c9465-p9ccd","node":"minikube"} HTTP=200
14:03:42 {"status":"ok","version":"v2","cache":false,"served_by":"spam-api-9584c9465-rh72h","node":"minikube-m02"} HTTP=200
14:03:42 {"status":"ok","version":"v2","cache":false,"served_by":"spam-api-9584c9465-rh72h","node":"minikube-m02"} HTTP=200
14:03:43 {"status":"ok","version":"v2","cache":false,"served_by":"spam-api-9584c9465-rh72h","node":"minikube-m02"} HTTP=200
14:03:43 {"status":"ok","version":"v2","cache":false,"served_by":"spam-api-9584c9465-rh72h","node":"minikube-m02"} HTTP=200
14:03:43 {"status":"ok","version":"v2","cache":false,"served_by":"spam-api-9584c9465-rh72h","node":"minikube-m02"} HTTP=200
14:03:43 {"status":"ok","version":"v2","cache":false,"served_by":"spam-api-9584c9465-p9ccd","node":"minikube"} HTTP=200
14:03:44 {"status":"ok","version":"v2","cache":false,"served_by":"spam-api-9584c9465-rh72h","node":"minikube-m02"} HTTP=200
14:03:44 {"status":"ok","version":"v2","cache":false,"served_by":"spam-api-9584c9465-p9ccd","node":"minikube"} HTTP=200
14:03:44 {"status":"ok","version":"v2","cache":false,"served_by":"spam-api-9584c9465-rh72h","node":"minikube-m02"} HTTP=200
14:03:44 {"status":"ok","version":"v2","cache":false,"served_by":"spam-api-9584c9465-rh72h","node":"minikube-m02"} HTTP=200
14:03:44 {"status":"ok","version":"v2","cache":false,"served_by":"spam-api-9584c9465-rh72h","node":"minikube-m02"} HTTP=200
14:03:45 {"status":"ok","version":"v2","cache":false,"served_by":"spam-api-9584c9465-rh72h","node":"minikube-m02"} HTTP=200
14:03:45 {"status":"ok","version":"v2","cache":false,"served_by":"spam-api-9584c9465-p9ccd","node":"minikube"} HTTP=200
14:03:45 {"status":"ok","version":"v2","cache":false,"served_by":"spam-api-9584c9465-p9ccd","node":"minikube"} HTTP=200
14:03:45 {"status":"ok","version":"v2","cache":false,"served_by":"spam-api-9584c9465-p9ccd","node":"minikube"} HTTP=200
14:03:45 {"status":"ok","version":"v2","cache":false,"served_by":"spam-api-9584c9465-rh72h","node":"minikube-m02"} HTTP=200
14:03:46 {"status":"ok","version":"v2","cache":false,"served_by":"spam-api-9584c9465-rh72h","node":"minikube-m02"} HTTP=200
14:03:46 {"status":"ok","version":"v2","cache":false,"served_by":"spam-api-9584c9465-rh72h","node":"minikube-m02"} HTTP=200
14:03:46 {"status":"ok","version":"v2","cache":false,"served_by":"spam-api-9584c9465-rh72h","node":"minikube-m02"} HTTP=200
14:03:46 {"status":"ok","version":"v2","cache":false,"served_by":"spam-api-9584c9465-p9ccd","node":"minikube"} HTTP=200
14:03:46 {"status":"ok","version":"v2","cache":false,"served_by":"spam-api-9584c9465-rh72h","node":"minikube-m02"} HTTP=200
14:03:47 {"status":"ok","version":"v2","cache":false,"served_by":"spam-api-9584c9465-rh72h","node":"minikube-m02"} HTTP=200
14:03:47 {"status":"ok","version":"v2","cache":false,"served_by":"spam-api-9584c9465-rh72h","node":"minikube-m02"} HTTP=200
14:03:47 {"status":"ok","version":"v2","cache":false,"served_by":"spam-api-9584c9465-p9ccd","node":"minikube"} HTTP=200
14:03:47 {"status":"ok","version":"v2","cache":false,"served_by":"spam-api-9584c9465-rh72h","node":"minikube-m02"} HTTP=200
14:03:47 {"status":"ok","version":"v2","cache":false,"served_by":"spam-api-9584c9465-p9ccd","node":"minikube"} HTTP=200
14:03:48 {"status":"ok","version":"v2","cache":false,"served_by":"spam-api-9584c9465-p9ccd","node":"minikube"} HTTP=200
14:03:48 {"status":"ok","version":"v2","cache":false,"served_by":"spam-api-9584c9465-p9ccd","node":"minikube"} HTTP=200
14:03:48 {"status":"ok","version":"v2","cache":false,"served_by":"spam-api-9584c9465-p9ccd","node":"minikube"} HTTP=200
14:03:48 {"status":"ok","version":"v2","cache":false,"served_by":"spam-api-9584c9465-p9ccd","node":"minikube"} HTTP=200
14:03:48 {"status":"ok","version":"v2","cache":false,"served_by":"spam-api-9584c9465-p9ccd","node":"minikube"} HTTP=200
14:03:49 {"status":"ok","version":"v2","cache":false,"served_by":"spam-api-9584c9465-rh72h","node":"minikube-m02"} HTTP=200
14:03:49 {"status":"ok","version":"v2","cache":false,"served_by":"spam-api-9584c9465-rh72h","node":"minikube-m02"} HTTP=200
14:03:49 {"status":"ok","version":"v2","cache":false,"served_by":"spam-api-9584c9465-rh72h","node":"minikube-m02"} HTTP=200
14:03:49 {"status":"ok","version":"v2","cache":false,"served_by":"spam-api-9584c9465-rh72h","node":"minikube-m02"} HTTP=200
14:03:50 {"status":"ok","version":"v2","cache":false,"served_by":"spam-api-9584c9465-p9ccd","node":"minikube"} HTTP=200
14:03:50 {"status":"ok","version":"v2","cache":false,"served_by":"spam-api-9584c9465-rh72h","node":"minikube-m02"} HTTP=200
14:03:50 {"status":"ok","version":"v2","cache":false,"served_by":"spam-api-9584c9465-p9ccd","node":"minikube"} HTTP=200
14:03:50 {"status":"ok","version":"v2","cache":false,"served_by":"spam-api-9584c9465-p9ccd","node":"minikube"} HTTP=200
14:03:50 {"status":"ok","version":"v2","cache":false,"served_by":"spam-api-9584c9465-rh72h","node":"minikube-m02"} HTTP=200
14:03:51 {"status":"ok","version":"v2","cache":false,"served_by":"spam-api-9584c9465-p9ccd","node":"minikube"} HTTP=200
14:03:51 {"status":"ok","version":"v2","cache":false,"served_by":"spam-api-9584c9465-rh72h","node":"minikube-m02"} HTTP=200
14:03:51 {"status":"ok","version":"v2","cache":false,"served_by":"spam-api-9584c9465-p9ccd","node":"minikube"} HTTP=200
14:03:51 {"status":"ok","version":"v2","cache":false,"served_by":"spam-api-9584c9465-rh72h","node":"minikube-m02"} HTTP=200
14:03:51 {"status":"ok","version":"v2","cache":false,"served_by":"spam-api-9584c9465-rh72h","node":"minikube-m02"} HTTP=200
14:03:52 {"status":"ok","version":"v2","cache":false,"served_by":"spam-api-9584c9465-p9ccd","node":"minikube"} HTTP=200
14:03:52 {"status":"ok","version":"v2","cache":false,"served_by":"spam-api-9584c9465-rh72h","node":"minikube-m02"} HTTP=200
14:03:52 {"status":"ok","version":"v2","cache":false,"served_by":"spam-api-9584c9465-p9ccd","node":"minikube"} HTTP=200
14:03:52 {"status":"ok","version":"v2","cache":false,"served_by":"spam-api-9584c9465-p9ccd","node":"minikube"} HTTP=200
14:03:52 {"status":"ok","version":"v2","cache":false,"served_by":"spam-api-9584c9465-p9ccd","node":"minikube"} HTTP=200
14:03:53 {"status":"ok","version":"v2","cache":false,"served_by":"spam-api-9584c9465-p9ccd","node":"minikube"} HTTP=200
14:03:53 {"status":"ok","version":"v2","cache":false,"served_by":"spam-api-9584c9465-p9ccd","node":"minikube"} HTTP=200
14:03:53 {"status":"ok","version":"v2","cache":false,"served_by":"spam-api-9584c9465-p9ccd","node":"minikube"} HTTP=200
14:03:53 {"status":"ok","version":"v2","cache":false,"served_by":"spam-api-9584c9465-rh72h","node":"minikube-m02"} HTTP=200
14:03:53 {"status":"ok","version":"v2","cache":false,"served_by":"spam-api-9584c9465-p9ccd","node":"minikube"} HTTP=200
14:03:54 {"status":"ok","version":"v2","cache":false,"served_by":"spam-api-9584c9465-rh72h","node":"minikube-m02"} HTTP=200
14:03:54 {"status":"ok","version":"v2","cache":false,"served_by":"spam-api-9584c9465-rh72h","node":"minikube-m02"} HTTP=200
14:03:54 {"status":"ok","version":"v2","cache":false,"served_by":"spam-api-9584c9465-p9ccd","node":"minikube"} HTTP=200
14:03:54 {"status":"ok","version":"v2","cache":false,"served_by":"spam-api-9584c9465-rh72h","node":"minikube-m02"} HTTP=200
14:03:54 {"status":"ok","version":"v2","cache":false,"served_by":"spam-api-9584c9465-p9ccd","node":"minikube"} HTTP=200
14:03:55 {"status":"ok","version":"v2","cache":false,"served_by":"spam-api-9584c9465-p9ccd","node":"minikube"} HTTP=200
14:03:55 {"status":"ok","version":"v2","cache":false,"served_by":"spam-api-9584c9465-p9ccd","node":"minikube"} HTTP=200
14:03:55 {"status":"ok","version":"v2","cache":false,"served_by":"spam-api-9584c9465-rh72h","node":"minikube-m02"} HTTP=200
14:03:55 {"status":"ok","version":"v2","cache":false,"served_by":"spam-api-9584c9465-rh72h","node":"minikube-m02"} HTTP=200
14:03:56 {"status":"ok","version":"v2","cache":false,"served_by":"spam-api-9584c9465-p9ccd","node":"minikube"} HTTP=200
14:03:56 {"status":"ok","version":"v2","cache":false,"served_by":"spam-api-9584c9465-rh72h","node":"minikube-m02"} HTTP=200
14:03:56 {"status":"ok","version":"v2","cache":false,"served_by":"spam-api-9584c9465-p9ccd","node":"minikube"} HTTP=200
14:03:56 {"status":"ok","version":"v2","cache":false,"served_by":"spam-api-9584c9465-rh72h","node":"minikube-m02"} HTTP=200
14:03:56 {"status":"ok","version":"v2","cache":false,"served_by":"spam-api-9584c9465-p9ccd","node":"minikube"} HTTP=200
14:03:57 {"status":"ok","version":"v2","cache":false,"served_by":"spam-api-9584c9465-rh72h","node":"minikube-m02"} HTTP=200
14:03:57 {"status":"ok","version":"v2","cache":false,"served_by":"spam-api-9584c9465-rh72h","node":"minikube-m02"} HTTP=200
14:03:57 {"status":"ok","version":"v2","cache":false,"served_by":"spam-api-9584c9465-rh72h","node":"minikube-m02"} HTTP=200
14:03:57 {"status":"ok","version":"v2","cache":false,"served_by":"spam-api-9584c9465-p9ccd","node":"minikube"} HTTP=200
14:03:57 {"status":"ok","version":"v2","cache":false,"served_by":"spam-api-9584c9465-p9ccd","node":"minikube"} HTTP=200
14:03:58 {"status":"ok","version":"v2","cache":false,"served_by":"spam-api-9584c9465-p9ccd","node":"minikube"} HTTP=200
14:03:58 {"status":"ok","version":"v2","cache":false,"served_by":"spam-api-9584c9465-p9ccd","node":"minikube"} HTTP=200
14:03:58 {"status":"ok","version":"v2","cache":false,"served_by":"spam-api-9584c9465-rh72h","node":"minikube-m02"} HTTP=200
14:03:58 {"status":"ok","version":"v2","cache":false,"served_by":"spam-api-9584c9465-p9ccd","node":"minikube"} HTTP=200
14:03:58 {"status":"ok","version":"v2","cache":false,"served_by":"spam-api-9584c9465-rh72h","node":"minikube-m02"} HTTP=200
