16:03:11.206140360 {"status":"ok","version":"v2","cache":false,"served_by":"spam-api-9584c9465-rh72h","node":"minikube-m02"} HTTP=200
16:03:11.415919318 {"status":"ok","version":"v2","cache":false,"served_by":"spam-api-9584c9465-p9ccd","node":"minikube"} HTTP=200
16:03:11.624455777 {"status":"ok","version":"v2","cache":false,"served_by":"spam-api-9584c9465-rh72h","node":"minikube-m02"} HTTP=200
16:03:11.834895985 {"status":"ok","version":"v2","cache":false,"served_by":"spam-api-9584c9465-rh72h","node":"minikube-m02"} HTTP=200
16:03:12.44413485 {"status":"ok","version":"v2","cache":false,"served_by":"spam-api-9584c9465-p9ccd","node":"minikube"} HTTP=200
16:03:12.257276652 {"status":"ok","version":"v2","cache":false,"served_by":"spam-api-9584c9465-p9ccd","node":"minikube"} HTTP=200
16:03:12.470067319 {"status":"ok","version":"v2","cache":false,"served_by":"spam-api-9584c9465-p9ccd","node":"minikube"} HTTP=200
16:03:12.678967319 {"status":"ok","version":"v2","cache":false,"served_by":"spam-api-9584c9465-p9ccd","node":"minikube"} HTTP=200
16:03:12.888570486 {"status":"ok","version":"v2","cache":false,"served_by":"spam-api-9584c9465-rh72h","node":"minikube-m02"} HTTP=200
16:03:13.97502152 {"status":"ok","version":"v2","cache":false,"served_by":"spam-api-9584c9465-p9ccd","node":"minikube"} HTTP=200
16:03:13.306299819 {"status":"ok","version":"v2","cache":false,"served_by":"spam-api-9584c9465-p9ccd","node":"minikube"} HTTP=200
16:03:13.515060944 {"status":"ok","version":"v2","cache":false,"served_by":"spam-api-9584c9465-rh72h","node":"minikube-m02"} HTTP=200
16:03:13.722610486 {"status":"ok","version":"v2","cache":false,"served_by":"spam-api-9584c9465-p9ccd","node":"minikube"} HTTP=200
16:03:13.930780028 {"status":"ok","version":"v2","cache":false,"served_by":"spam-api-9584c9465-rh72h","node":"minikube-m02"} HTTP=200
16:03:14.138861195 {"status":"ok","version":"v2","cache":false,"served_by":"spam-api-9584c9465-rh72h","node":"minikube-m02"} HTTP=200
16:03:14.348501403 {"status":"ok","version":"v2","cache":false,"served_by":"spam-api-9584c9465-rh72h","node":"minikube-m02"} HTTP=200
16:03:14.557385070 {"status":"ok","version":"v2","cache":false,"served_by":"spam-api-9584c9465-p9ccd","node":"minikube"} HTTP=200
16:03:14.767549403 {"status":"ok","version":"v2","cache":false,"served_by":"spam-api-9584c9465-rh72h","node":"minikube-m02"} HTTP=200
16:03:14.977460737 {"status":"ok","version":"v2","cache":false,"served_by":"spam-api-9584c9465-rh72h","node":"minikube-m02"} HTTP=200
16:03:15.188164737 {"status":"ok","version":"v2","cache":false,"served_by":"spam-api-9584c9465-rh72h","node":"minikube-m02"} HTTP=200
16:03:15.402535570 {"status":"ok","version":"v2","cache":false,"served_by":"spam-api-9584c9465-p9ccd","node":"minikube"} HTTP=200
16:03:15.613375529 {"status":"ok","version":"v2","cache":false,"served_by":"spam-api-9584c9465-p9ccd","node":"minikube"} HTTP=200
16:03:15.825052779 {"status":"ok","version":"v2","cache":false,"served_by":"spam-api-9584c9465-p9ccd","node":"minikube"} HTTP=200
16:03:16.35971987 {"status":"ok","version":"v2","cache":false,"served_by":"spam-api-9584c9465-p9ccd","node":"minikube"} HTTP=200
16:03:16.246146987 {"status":"ok","version":"v2","cache":false,"served_by":"spam-api-9584c9465-p9ccd","node":"minikube"} HTTP=200
16:03:16.457295696 {"status":"ok","version":"v2","cache":false,"served_by":"spam-api-9584c9465-rh72h","node":"minikube-m02"} HTTP=200
16:03:16.668818654 {"status":"ok","version":"v2","cache":false,"served_by":"spam-api-9584c9465-rh72h","node":"minikube-m02"} HTTP=200
16:03:16.879378737 {"status":"ok","version":"v2","cache":false,"served_by":"spam-api-9584c9465-rh72h","node":"minikube-m02"} HTTP=200
16:03:17.90742071 {"status":"ok","version":"v2","cache":false,"served_by":"spam-api-9584c9465-p9ccd","node":"minikube"} HTTP=200
16:03:17.300952279 {"status":"ok","version":"v2","cache":false,"served_by":"spam-api-9584c9465-p9ccd","node":"minikube"} HTTP=200
16:03:17.511930404 {"status":"ok","version":"v2","cache":false,"served_by":"spam-api-9584c9465-rh72h","node":"minikube-m02"} HTTP=200
16:03:17.722338946 {"status":"ok","version":"v2","cache":false,"served_by":"spam-api-9584c9465-p9ccd","node":"minikube"} HTTP=200
16:03:17.932072571 {"status":"ok","version":"v2","cache":false,"served_by":"spam-api-9584c9465-rh72h","node":"minikube-m02"} HTTP=200
16:03:18.141041238 {"status":"ok","version":"v2","cache":false,"served_by":"spam-api-9584c9465-rh72h","node":"minikube-m02"} HTTP=200
16:03:18.350460238 {"status":"ok","version":"v2","cache":false,"served_by":"spam-api-9584c9465-p9ccd","node":"minikube"} HTTP=200
16:03:18.557912530 {"status":"ok","version":"v2","cache":false,"served_by":"spam-api-9584c9465-p9ccd","node":"minikube"} HTTP=200
16:03:18.770986155 {"status":"ok","version":"v2","cache":false,"served_by":"spam-api-9584c9465-rh72h","node":"minikube-m02"} HTTP=200
16:03:18.980154988 {"status":"ok","version":"v2","cache":false,"served_by":"spam-api-9584c9465-rh72h","node":"minikube-m02"} HTTP=200
16:03:19.188204530 {"status":"ok","version":"v2","cache":false,"served_by":"spam-api-9584c9465-p9ccd","node":"minikube"} HTTP=200
16:03:19.400701697 {"status":"ok","version":"v2","cache":false,"served_by":"spam-api-9584c9465-rh72h","node":"minikube-m02"} HTTP=200
16:03:19.608409239 {"status":"ok","version":"v2","cache":false,"served_by":"spam-api-9584c9465-p9ccd","node":"minikube"} HTTP=200
16:03:19.819605239 {"status":"ok","version":"v2","cache":false,"served_by":"spam-api-9584c9465-rh72h","node":"minikube-m02"} HTTP=200
16:03:20.26433322 {"status":"ok","version":"v2","cache":false,"served_by":"spam-api-9584c9465-p9ccd","node":"minikube"} HTTP=200
16:03:20.239949322 {"status":"ok","version":"v2","cache":false,"served_by":"spam-api-9584c9465-rh72h","node":"minikube-m02"} HTTP=200
16:03:20.450747114 {"status":"ok","version":"v2","cache":false,"served_by":"spam-api-7764b4744b-h8hgk","node":"minikube-m02"} HTTP=200
16:03:20.661749531 {"status":"ok","version":"v2","cache":false,"served_by":"spam-api-7764b4744b-h8hgk","node":"minikube-m02"} HTTP=200
16:03:20.872951198 {"status":"ok","version":"v2","cache":false,"served_by":"spam-api-9584c9465-p9ccd","node":"minikube"} HTTP=200
16:03:21.87253115 {"status":"ok","version":"v2","cache":false,"served_by":"spam-api-9584c9465-p9ccd","node":"minikube"} HTTP=200
16:03:21.304338281 {"status":"ok","version":"v2","cache":false,"served_by":"spam-api-9584c9465-p9ccd","node":"minikube"} HTTP=200
16:03:21.521384698 {"status":"ok","version":"v2","cache":false,"served_by":"spam-api-9584c9465-p9ccd","node":"minikube"} HTTP=200
16:03:21.739925406 {"status":"ok","version":"v2","cache":false,"served_by":"spam-api-9584c9465-p9ccd","node":"minikube"} HTTP=200
16:03:21.953271657 {"status":"ok","version":"v2","cache":false,"served_by":"spam-api-9584c9465-p9ccd","node":"minikube"} HTTP=200
16:03:22.166269157 {"status":"ok","version":"v2","cache":false,"served_by":"spam-api-7764b4744b-h8hgk","node":"minikube-m02"} HTTP=200
16:03:22.378345032 {"status":"ok","version":"v2","cache":false,"served_by":"spam-api-7764b4744b-h8hgk","node":"minikube-m02"} HTTP=200
16:03:22.591527699 {"status":"ok","version":"v2","cache":false,"served_by":"spam-api-9584c9465-p9ccd","node":"minikube"} HTTP=200
16:03:22.804575574 {"status":"ok","version":"v2","cache":false,"served_by":"spam-api-7764b4744b-h8hgk","node":"minikube-m02"} HTTP=200
16:03:23.15105282 {"status":"ok","version":"v2","cache":false,"served_by":"spam-api-9584c9465-p9ccd","node":"minikube"} HTTP=200
16:03:23.225865616 {"status":"ok","version":"v2","cache":false,"served_by":"spam-api-7764b4744b-h8hgk","node":"minikube-m02"} HTTP=200
16:03:23.437105032 {"status":"ok","version":"v2","cache":false,"served_by":"spam-api-9584c9465-p9ccd","node":"minikube"} HTTP=200
16:03:23.649597324 {"status":"ok","version":"v2","cache":false,"served_by":"spam-api-7764b4744b-h8hgk","node":"minikube-m02"} HTTP=200
16:03:23.862559282 {"status":"ok","version":"v2","cache":false,"served_by":"spam-api-9584c9465-p9ccd","node":"minikube"} HTTP=200
16:03:24.75862824 {"status":"ok","version":"v2","cache":false,"served_by":"spam-api-9584c9465-p9ccd","node":"minikube"} HTTP=200
16:03:24.285087158 {"status":"ok","version":"v2","cache":false,"served_by":"spam-api-9584c9465-p9ccd","node":"minikube"} HTTP=200
16:03:24.496188158 {"status":"ok","version":"v2","cache":false,"served_by":"spam-api-7764b4744b-h8hgk","node":"minikube-m02"} HTTP=200
16:03:24.705430116 {"status":"ok","version":"v2","cache":false,"served_by":"spam-api-7764b4744b-h8hgk","node":"minikube-m02"} HTTP=200
16:03:24.914490283 {"status":"ok","version":"v2","cache":false,"served_by":"spam-api-9584c9465-p9ccd","node":"minikube"} HTTP=200
16:03:25.122204783 {"status":"ok","version":"v2","cache":false,"served_by":"spam-api-7764b4744b-h8hgk","node":"minikube-m02"} HTTP=200
16:03:25.331346700 {"status":"ok","version":"v2","cache":false,"served_by":"spam-api-7764b4744b-h8hgk","node":"minikube-m02"} HTTP=200
16:03:25.541614158 {"status":"ok","version":"v2","cache":false,"served_by":"spam-api-7764b4744b-h8hgk","node":"minikube-m02"} HTTP=200
16:03:25.754962783 {"status":"ok","version":"v2","cache":false,"served_by":"spam-api-9584c9465-p9ccd","node":"minikube"} HTTP=200
16:03:25.968552700 {"status":"ok","version":"v2","cache":false,"served_by":"spam-api-7764b4744b-h8hgk","node":"minikube-m02"} HTTP=200
16:03:26.184418784 {"status":"ok","version":"v2","cache":false,"served_by":"spam-api-9584c9465-p9ccd","node":"minikube"} HTTP=200
16:03:26.401113575 {"status":"ok","version":"v2","cache":false,"served_by":"spam-api-7764b4744b-h8hgk","node":"minikube-m02"} HTTP=200
16:03:26.615476325 {"status":"ok","version":"v2","cache":false,"served_by":"spam-api-7764b4744b-h8hgk","node":"minikube-m02"} HTTP=200
16:03:26.829341076 {"status":"ok","version":"v2","cache":false,"served_by":"spam-api-7764b4744b-rbcl8","node":"minikube"} HTTP=200
16:03:27.41959784 {"status":"ok","version":"v2","cache":false,"served_by":"spam-api-7764b4744b-h8hgk","node":"minikube-m02"} HTTP=200
16:03:27.255061701 {"status":"ok","version":"v2","cache":false,"served_by":"spam-api-7764b4744b-rbcl8","node":"minikube"} HTTP=200
16:03:27.467315118 {"status":"ok","version":"v2","cache":false,"served_by":"spam-api-7764b4744b-rbcl8","node":"minikube"} HTTP=200
16:03:27.681576576 {"status":"ok","version":"v2","cache":false,"served_by":"spam-api-7764b4744b-h8hgk","node":"minikube-m02"} HTTP=200
16:03:27.890987243 {"status":"ok","version":"v2","cache":false,"served_by":"spam-api-7764b4744b-rbcl8","node":"minikube"} HTTP=200
16:03:28.101040118 {"status":"ok","version":"v2","cache":false,"served_by":"spam-api-7764b4744b-h8hgk","node":"minikube-m02"} HTTP=200
16:03:28.314309785 {"status":"ok","version":"v2","cache":false,"served_by":"spam-api-7764b4744b-rbcl8","node":"minikube"} HTTP=200
16:03:28.523378868 {"status":"ok","version":"v2","cache":false,"served_by":"spam-api-7764b4744b-rbcl8","node":"minikube"} HTTP=200
16:03:28.730377701 {"status":"ok","version":"v2","cache":false,"served_by":"spam-api-7764b4744b-rbcl8","node":"minikube"} HTTP=200
16:03:28.937275285 {"status":"ok","version":"v2","cache":false,"served_by":"spam-api-7764b4744b-rbcl8","node":"minikube"} HTTP=200
16:03:29.145563785 {"status":"ok","version":"v2","cache":false,"served_by":"spam-api-7764b4744b-h8hgk","node":"minikube-m02"} HTTP=200
16:03:29.354029243 {"status":"ok","version":"v2","cache":false,"served_by":"spam-api-7764b4744b-rbcl8","node":"minikube"} HTTP=200
16:03:29.560831577 {"status":"ok","version":"v2","cache":false,"served_by":"spam-api-7764b4744b-rbcl8","node":"minikube"} HTTP=200
16:03:29.767404369 {"status":"ok","version":"v2","cache":false,"served_by":"spam-api-7764b4744b-h8hgk","node":"minikube-m02"} HTTP=200
16:03:29.974534285 {"status":"ok","version":"v2","cache":false,"served_by":"spam-api-7764b4744b-h8hgk","node":"minikube-m02"} HTTP=200
16:03:30.180777077 {"status":"ok","version":"v2","cache":false,"served_by":"spam-api-7764b4744b-h8hgk","node":"minikube-m02"} HTTP=200
16:03:30.387524119 {"status":"ok","version":"v2","cache":false,"served_by":"spam-api-7764b4744b-h8hgk","node":"minikube-m02"} HTTP=200
16:03:30.594053619 {"status":"ok","version":"v2","cache":false,"served_by":"spam-api-7764b4744b-h8hgk","node":"minikube-m02"} HTTP=200
16:03:30.801560786 {"status":"ok","version":"v2","cache":false,"served_by":"spam-api-7764b4744b-h8hgk","node":"minikube-m02"} HTTP=200
16:03:31.7927411 {"status":"ok","version":"v2","cache":false,"served_by":"spam-api-7764b4744b-h8hgk","node":"minikube-m02"} HTTP=200
16:03:31.219090869 {"status":"ok","version":"v2","cache":false,"served_by":"spam-api-7764b4744b-h8hgk","node":"minikube-m02"} HTTP=200
16:03:31.426796619 {"status":"ok","version":"v2","cache":false,"served_by":"spam-api-7764b4744b-rbcl8","node":"minikube"} HTTP=200
16:03:31.636472578 {"status":"ok","version":"v2","cache":false,"served_by":"spam-api-7764b4744b-rbcl8","node":"minikube"} HTTP=200
16:03:31.850846245 {"status":"ok","version":"v2","cache":false,"served_by":"spam-api-7764b4744b-h8hgk","node":"minikube-m02"} HTTP=200
16:03:32.60558203 {"status":"ok","version":"v2","cache":false,"served_by":"spam-api-7764b4744b-rbcl8","node":"minikube"} HTTP=200
16:03:32.270153995 {"status":"ok","version":"v2","cache":false,"served_by":"spam-api-7764b4744b-rbcl8","node":"minikube"} HTTP=200
16:03:32.480034578 {"status":"ok","version":"v2","cache":false,"served_by":"spam-api-7764b4744b-rbcl8","node":"minikube"} HTTP=200
16:03:32.688843662 {"status":"ok","version":"v2","cache":false,"served_by":"spam-api-7764b4744b-rbcl8","node":"minikube"} HTTP=200
16:03:32.897891328 {"status":"ok","version":"v2","cache":false,"served_by":"spam-api-7764b4744b-rbcl8","node":"minikube"} HTTP=200
16:03:33.106897995 {"status":"ok","version":"v2","cache":false,"served_by":"spam-api-7764b4744b-h8hgk","node":"minikube-m02"} HTTP=200
16:03:33.318552370 {"status":"ok","version":"v2","cache":false,"served_by":"spam-api-7764b4744b-rbcl8","node":"minikube"} HTTP=200
16:03:33.526793454 {"status":"ok","version":"v2","cache":false,"served_by":"spam-api-7764b4744b-rbcl8","node":"minikube"} HTTP=200
16:03:33.737380371 {"status":"ok","version":"v2","cache":false,"served_by":"spam-api-7764b4744b-h8hgk","node":"minikube-m02"} HTTP=200
16:03:33.951932662 {"status":"ok","version":"v2","cache":false,"served_by":"spam-api-7764b4744b-rbcl8","node":"minikube"} HTTP=200
16:03:34.160158579 {"status":"ok","version":"v2","cache":false,"served_by":"spam-api-7764b4744b-h8hgk","node":"minikube-m02"} HTTP=200
16:03:34.371080538 {"status":"ok","version":"v2","cache":false,"served_by":"spam-api-7764b4744b-rbcl8","node":"minikube"} HTTP=200
16:03:34.578759288 {"status":"ok","version":"v2","cache":false,"served_by":"spam-api-7764b4744b-rbcl8","node":"minikube"} HTTP=200
16:03:34.786756788 {"status":"ok","version":"v2","cache":false,"served_by":"spam-api-7764b4744b-h8hgk","node":"minikube-m02"} HTTP=200
16:03:34.995057954 {"status":"ok","version":"v2","cache":false,"served_by":"spam-api-7764b4744b-rbcl8","node":"minikube"} HTTP=200
16:03:35.202795121 {"status":"ok","version":"v2","cache":false,"served_by":"spam-api-7764b4744b-h8hgk","node":"minikube-m02"} HTTP=200
16:03:35.409809496 {"status":"ok","version":"v2","cache":false,"served_by":"spam-api-7764b4744b-h8hgk","node":"minikube-m02"} HTTP=200
16:03:35.616029038 {"status":"ok","version":"v2","cache":false,"served_by":"spam-api-7764b4744b-h8hgk","node":"minikube-m02"} HTTP=200
16:03:35.822118038 {"status":"ok","version":"v2","cache":false,"served_by":"spam-api-7764b4744b-rbcl8","node":"minikube"} HTTP=200
16:03:36.29794122 {"status":"ok","version":"v2","cache":false,"served_by":"spam-api-7764b4744b-h8hgk","node":"minikube-m02"} HTTP=200
16:03:36.236928955 {"status":"ok","version":"v2","cache":false,"served_by":"spam-api-7764b4744b-h8hgk","node":"minikube-m02"} HTTP=200
16:03:36.446587080 {"status":"ok","version":"v2","cache":false,"served_by":"spam-api-7764b4744b-h8hgk","node":"minikube-m02"} HTTP=200
16:03:36.658273122 {"status":"ok","version":"v2","cache":false,"served_by":"spam-api-7764b4744b-h8hgk","node":"minikube-m02"} HTTP=200
16:03:36.869378372 {"status":"ok","version":"v2","cache":false,"served_by":"spam-api-7764b4744b-h8hgk","node":"minikube-m02"} HTTP=200
16:03:37.76155955 {"status":"ok","version":"v2","cache":false,"served_by":"spam-api-7764b4744b-rbcl8","node":"minikube"} HTTP=200
16:03:37.283096956 {"status":"ok","version":"v2","cache":false,"served_by":"spam-api-7764b4744b-h8hgk","node":"minikube-m02"} HTTP=200
16:03:37.489561956 {"status":"ok","version":"v2","cache":false,"served_by":"spam-api-7764b4744b-h8hgk","node":"minikube-m02"} HTTP=200
16:03:37.696811997 {"status":"ok","version":"v2","cache":false,"served_by":"spam-api-7764b4744b-h8hgk","node":"minikube-m02"} HTTP=200
16:03:37.903464456 {"status":"ok","version":"v2","cache":false,"served_by":"spam-api-7764b4744b-rbcl8","node":"minikube"} HTTP=200
16:03:38.111292831 {"status":"ok","version":"v2","cache":false,"served_by":"spam-api-7764b4744b-rbcl8","node":"minikube"} HTTP=200
16:03:38.317479456 {"status":"ok","version":"v2","cache":false,"served_by":"spam-api-7764b4744b-h8hgk","node":"minikube-m02"} HTTP=200
16:03:38.526422664 {"status":"ok","version":"v2","cache":false,"served_by":"spam-api-7764b4744b-h8hgk","node":"minikube-m02"} HTTP=200
16:03:38.733828790 {"status":"ok","version":"v2","cache":false,"served_by":"spam-api-7764b4744b-rbcl8","node":"minikube"} HTTP=200
16:03:38.945247373 {"status":"ok","version":"v2","cache":false,"served_by":"spam-api-7764b4744b-rbcl8","node":"minikube"} HTTP=200
16:03:39.155461498 {"status":"ok","version":"v2","cache":false,"served_by":"spam-api-7764b4744b-h8hgk","node":"minikube-m02"} HTTP=200
16:03:39.362868832 {"status":"ok","version":"v2","cache":false,"served_by":"spam-api-7764b4744b-h8hgk","node":"minikube-m02"} HTTP=200
16:03:39.570011998 {"status":"ok","version":"v2","cache":false,"served_by":"spam-api-7764b4744b-h8hgk","node":"minikube-m02"} HTTP=200
16:03:39.776322873 {"status":"ok","version":"v2","cache":false,"served_by":"spam-api-7764b4744b-h8hgk","node":"minikube-m02"} HTTP=200
16:03:39.982462124 {"status":"ok","version":"v2","cache":false,"served_by":"spam-api-7764b4744b-rbcl8","node":"minikube"} HTTP=200
16:03:40.189007040 {"status":"ok","version":"v2","cache":false,"served_by":"spam-api-7764b4744b-rbcl8","node":"minikube"} HTTP=200
16:03:40.400002790 {"status":"ok","version":"v2","cache":false,"served_by":"spam-api-7764b4744b-h8hgk","node":"minikube-m02"} HTTP=200
16:03:40.606585249 {"status":"ok","version":"v2","cache":false,"served_by":"spam-api-7764b4744b-h8hgk","node":"minikube-m02"} HTTP=200
16:03:40.813329541 {"status":"ok","version":"v2","cache":false,"served_by":"spam-api-7764b4744b-rbcl8","node":"minikube"} HTTP=200
16:03:41.21554832 {"status":"ok","version":"v2","cache":false,"served_by":"spam-api-7764b4744b-h8hgk","node":"minikube-m02"} HTTP=200
16:03:41.228790457 {"status":"ok","version":"v2","cache":false,"served_by":"spam-api-7764b4744b-rbcl8","node":"minikube"} HTTP=200
16:03:41.436406958 {"status":"ok","version":"v2","cache":false,"served_by":"spam-api-7764b4744b-rbcl8","node":"minikube"} HTTP=200
16:03:41.644007416 {"status":"ok","version":"v2","cache":false,"served_by":"spam-api-7764b4744b-h8hgk","node":"minikube-m02"} HTTP=200
16:03:41.851250458 {"status":"ok","version":"v2","cache":false,"served_by":"spam-api-7764b4744b-rbcl8","node":"minikube"} HTTP=200
16:03:42.58909416 {"status":"ok","version":"v2","cache":false,"served_by":"spam-api-7764b4744b-rbcl8","node":"minikube"} HTTP=200
16:03:42.266263791 {"status":"ok","version":"v2","cache":false,"served_by":"spam-api-7764b4744b-rbcl8","node":"minikube"} HTTP=200
16:03:42.474093708 {"status":"ok","version":"v2","cache":false,"served_by":"spam-api-7764b4744b-rbcl8","node":"minikube"} HTTP=200
16:03:42.681525166 {"status":"ok","version":"v2","cache":false,"served_by":"spam-api-7764b4744b-rbcl8","node":"minikube"} HTTP=200
16:03:42.889181417 {"status":"ok","version":"v2","cache":false,"served_by":"spam-api-7764b4744b-h8hgk","node":"minikube-m02"} HTTP=200
16:03:43.95917417 {"status":"ok","version":"v2","cache":false,"served_by":"spam-api-7764b4744b-h8hgk","node":"minikube-m02"} HTTP=200
16:03:43.305143333 {"status":"ok","version":"v2","cache":false,"served_by":"spam-api-7764b4744b-rbcl8","node":"minikube"} HTTP=200
16:03:43.517402959 {"status":"ok","version":"v2","cache":false,"served_by":"spam-api-7764b4744b-h8hgk","node":"minikube-m02"} HTTP=200
16:03:43.724173084 {"status":"ok","version":"v2","cache":false,"served_by":"spam-api-7764b4744b-h8hgk","node":"minikube-m02"} HTTP=200
16:03:43.935422292 {"status":"ok","version":"v2","cache":false,"served_by":"spam-api-7764b4744b-h8hgk","node":"minikube-m02"} HTTP=200
16:03:44.145994375 {"status":"ok","version":"v2","cache":false,"served_by":"spam-api-7764b4744b-rbcl8","node":"minikube"} HTTP=200
16:03:44.352081084 {"status":"ok","version":"v2","cache":false,"served_by":"spam-api-7764b4744b-h8hgk","node":"minikube-m02"} HTTP=200
16:03:44.558987417 {"status":"ok","version":"v2","cache":false,"served_by":"spam-api-7764b4744b-rbcl8","node":"minikube"} HTTP=200
16:03:44.768327626 {"status":"ok","version":"v2","cache":false,"served_by":"spam-api-7764b4744b-h8hgk","node":"minikube-m02"} HTTP=200
16:03:44.976334709 {"status":"ok","version":"v2","cache":false,"served_by":"spam-api-7764b4744b-h8hgk","node":"minikube-m02"} HTTP=200
16:03:45.182729251 {"status":"ok","version":"v2","cache":false,"served_by":"spam-api-7764b4744b-rbcl8","node":"minikube"} HTTP=200
16:03:45.389427584 {"status":"ok","version":"v2","cache":false,"served_by":"spam-api-7764b4744b-rbcl8","node":"minikube"} HTTP=200
16:03:45.595980835 {"status":"ok","version":"v2","cache":false,"served_by":"spam-api-7764b4744b-h8hgk","node":"minikube-m02"} HTTP=200
16:03:45.803535210 {"status":"ok","version":"v2","cache":false,"served_by":"spam-api-7764b4744b-rbcl8","node":"minikube"} HTTP=200
16:03:46.14241043 {"status":"ok","version":"v2","cache":false,"served_by":"spam-api-7764b4744b-rbcl8","node":"minikube"} HTTP=200
16:03:46.220765710 {"status":"ok","version":"v2","cache":false,"served_by":"spam-api-7764b4744b-h8hgk","node":"minikube-m02"} HTTP=200
16:03:46.427832502 {"status":"ok","version":"v2","cache":false,"served_by":"spam-api-7764b4744b-rbcl8","node":"minikube"} HTTP=200
16:03:46.634573918 {"status":"ok","version":"v2","cache":false,"served_by":"spam-api-7764b4744b-rbcl8","node":"minikube"} HTTP=200
16:03:46.845830918 {"status":"ok","version":"v2","cache":false,"served_by":"spam-api-7764b4744b-rbcl8","node":"minikube"} HTTP=200
16:03:47.53749377 {"status":"ok","version":"v2","cache":false,"served_by":"spam-api-7764b4744b-rbcl8","node":"minikube"} HTTP=200
16:03:47.260325377 {"status":"ok","version":"v2","cache":false,"served_by":"spam-api-7764b4744b-h8hgk","node":"minikube-m02"} HTTP=200
16:03:47.467266627 {"status":"ok","version":"v2","cache":false,"served_by":"spam-api-7764b4744b-rbcl8","node":"minikube"} HTTP=200
16:03:47.674397377 {"status":"ok","version":"v2","cache":false,"served_by":"spam-api-7764b4744b-h8hgk","node":"minikube-m02"} HTTP=200
16:03:47.881126711 {"status":"ok","version":"v2","cache":false,"served_by":"spam-api-7764b4744b-h8hgk","node":"minikube-m02"} HTTP=200
16:03:48.87882127 {"status":"ok","version":"v2","cache":false,"served_by":"spam-api-7764b4744b-h8hgk","node":"minikube-m02"} HTTP=200
16:03:48.294710711 {"status":"ok","version":"v2","cache":false,"served_by":"spam-api-7764b4744b-h8hgk","node":"minikube-m02"} HTTP=200
16:03:48.502532961 {"status":"ok","version":"v2","cache":false,"served_by":"spam-api-7764b4744b-h8hgk","node":"minikube-m02"} HTTP=200
16:03:48.710103253 {"status":"ok","version":"v2","cache":false,"served_by":"spam-api-7764b4744b-h8hgk","node":"minikube-m02"} HTTP=200
16:03:48.916315294 {"status":"ok","version":"v2","cache":false,"served_by":"spam-api-7764b4744b-h8hgk","node":"minikube-m02"} HTTP=200
16:03:49.122962545 {"status":"ok","version":"v2","cache":false,"served_by":"spam-api-7764b4744b-h8hgk","node":"minikube-m02"} HTTP=200
16:03:49.331759795 {"status":"ok","version":"v2","cache":false,"served_by":"spam-api-7764b4744b-rbcl8","node":"minikube"} HTTP=200
16:03:49.539575670 {"status":"ok","version":"v2","cache":false,"served_by":"spam-api-7764b4744b-rbcl8","node":"minikube"} HTTP=200
16:03:49.749048920 {"status":"ok","version":"v2","cache":false,"served_by":"spam-api-7764b4744b-rbcl8","node":"minikube"} HTTP=200
16:03:49.958393378 {"status":"ok","version":"v2","cache":false,"served_by":"spam-api-7764b4744b-h8hgk","node":"minikube-m02"} HTTP=200
16:03:50.164515545 {"status":"ok","version":"v2","cache":false,"served_by":"spam-api-7764b4744b-rbcl8","node":"minikube"} HTTP=200
16:03:50.374951170 {"status":"ok","version":"v2","cache":false,"served_by":"spam-api-7764b4744b-h8hgk","node":"minikube-m02"} HTTP=200
16:03:50.582466504 {"status":"ok","version":"v2","cache":false,"served_by":"spam-api-7764b4744b-rbcl8","node":"minikube"} HTTP=200
16:03:50.793048254 {"status":"ok","version":"v2","cache":false,"served_by":"spam-api-7764b4744b-rbcl8","node":"minikube"} HTTP=200
16:03:51.721295 {"status":"ok","version":"v2","cache":false,"served_by":"spam-api-7764b4744b-rbcl8","node":"minikube"} HTTP=200
16:03:51.209745171 {"status":"ok","version":"v2","cache":false,"served_by":"spam-api-7764b4744b-rbcl8","node":"minikube"} HTTP=200
16:03:51.416991837 {"status":"ok","version":"v2","cache":false,"served_by":"spam-api-7764b4744b-h8hgk","node":"minikube-m02"} HTTP=200
16:03:51.623997129 {"status":"ok","version":"v2","cache":false,"served_by":"spam-api-7764b4744b-rbcl8","node":"minikube"} HTTP=200
16:03:51.832284879 {"status":"ok","version":"v2","cache":false,"served_by":"spam-api-7764b4744b-h8hgk","node":"minikube-m02"} HTTP=200
16:03:52.41013754 {"status":"ok","version":"v2","cache":false,"served_by":"spam-api-7764b4744b-h8hgk","node":"minikube-m02"} HTTP=200
16:03:52.248142838 {"status":"ok","version":"v2","cache":false,"served_by":"spam-api-7764b4744b-rbcl8","node":"minikube"} HTTP=200
16:03:52.456399463 {"status":"ok","version":"v2","cache":false,"served_by":"spam-api-7764b4744b-h8hgk","node":"minikube-m02"} HTTP=200
16:03:52.665746796 {"status":"ok","version":"v2","cache":false,"served_by":"spam-api-7764b4744b-rbcl8","node":"minikube"} HTTP=200
16:03:52.876447088 {"status":"ok","version":"v2","cache":false,"served_by":"spam-api-7764b4744b-h8hgk","node":"minikube-m02"} HTTP=200
16:03:53.82992755 {"status":"ok","version":"v2","cache":false,"served_by":"spam-api-7764b4744b-rbcl8","node":"minikube"} HTTP=200
16:03:53.290437213 {"status":"ok","version":"v2","cache":false,"served_by":"spam-api-7764b4744b-rbcl8","node":"minikube"} HTTP=200
16:03:53.498539547 {"status":"ok","version":"v2","cache":false,"served_by":"spam-api-7764b4744b-h8hgk","node":"minikube-m02"} HTTP=200
16:03:53.705475213 {"status":"ok","version":"v2","cache":false,"served_by":"spam-api-7764b4744b-rbcl8","node":"minikube"} HTTP=200
16:03:53.913907672 {"status":"ok","version":"v2","cache":false,"served_by":"spam-api-7764b4744b-rbcl8","node":"minikube"} HTTP=200
16:03:54.120479797 {"status":"ok","version":"v2","cache":false,"served_by":"spam-api-7764b4744b-h8hgk","node":"minikube-m02"} HTTP=200
16:03:54.327082255 {"status":"ok","version":"v2","cache":false,"served_by":"spam-api-7764b4744b-rbcl8","node":"minikube"} HTTP=200
16:03:54.533439880 {"status":"ok","version":"v2","cache":false,"served_by":"spam-api-7764b4744b-rbcl8","node":"minikube"} HTTP=200
16:03:54.744717422 {"status":"ok","version":"v2","cache":false,"served_by":"spam-api-7764b4744b-h8hgk","node":"minikube-m02"} HTTP=200
16:03:54.953714506 {"status":"ok","version":"v2","cache":false,"served_by":"spam-api-7764b4744b-rbcl8","node":"minikube"} HTTP=200
16:03:55.162207756 {"status":"ok","version":"v2","cache":false,"served_by":"spam-api-7764b4744b-rbcl8","node":"minikube"} HTTP=200
16:03:55.378174839 {"status":"ok","version":"v2","cache":false,"served_by":"spam-api-7764b4744b-h8hgk","node":"minikube-m02"} HTTP=200
16:03:55.588561214 {"status":"ok","version":"v2","cache":false,"served_by":"spam-api-7764b4744b-rbcl8","node":"minikube"} HTTP=200
16:03:55.798180798 {"status":"ok","version":"v2","cache":false,"served_by":"spam-api-7764b4744b-rbcl8","node":"minikube"} HTTP=200
16:03:56.8377214 {"status":"ok","version":"v2","cache":false,"served_by":"spam-api-7764b4744b-h8hgk","node":"minikube-m02"} HTTP=200
16:03:56.218893256 {"status":"ok","version":"v2","cache":false,"served_by":"spam-api-7764b4744b-h8hgk","node":"minikube-m02"} HTTP=200
16:03:56.429392298 {"status":"ok","version":"v2","cache":false,"served_by":"spam-api-7764b4744b-rbcl8","node":"minikube"} HTTP=200
16:03:56.637042881 {"status":"ok","version":"v2","cache":false,"served_by":"spam-api-7764b4744b-h8hgk","node":"minikube-m02"} HTTP=200
16:03:56.847063257 {"status":"ok","version":"v2","cache":false,"served_by":"spam-api-7764b4744b-h8hgk","node":"minikube-m02"} HTTP=200
16:03:57.57747840 {"status":"ok","version":"v2","cache":false,"served_by":"spam-api-7764b4744b-rbcl8","node":"minikube"} HTTP=200
16:03:57.268044715 {"status":"ok","version":"v2","cache":false,"served_by":"spam-api-7764b4744b-h8hgk","node":"minikube-m02"} HTTP=200
16:03:57.476255382 {"status":"ok","version":"v2","cache":false,"served_by":"spam-api-7764b4744b-h8hgk","node":"minikube-m02"} HTTP=200
16:03:57.685784465 {"status":"ok","version":"v2","cache":false,"served_by":"spam-api-7764b4744b-h8hgk","node":"minikube-m02"} HTTP=200
16:03:57.895429090 {"status":"ok","version":"v2","cache":false,"served_by":"spam-api-7764b4744b-rbcl8","node":"minikube"} HTTP=200
16:03:58.103545215 {"status":"ok","version":"v2","cache":false,"served_by":"spam-api-7764b4744b-h8hgk","node":"minikube-m02"} HTTP=200
16:03:58.312358341 {"status":"ok","version":"v2","cache":false,"served_by":"spam-api-7764b4744b-rbcl8","node":"minikube"} HTTP=200
16:03:58.526819757 {"status":"ok","version":"v2","cache":false,"served_by":"spam-api-7764b4744b-rbcl8","node":"minikube"} HTTP=200
16:03:58.733838341 {"status":"ok","version":"v2","cache":false,"served_by":"spam-api-7764b4744b-h8hgk","node":"minikube-m02"} HTTP=200
16:03:58.942441341 {"status":"ok","version":"v2","cache":false,"served_by":"spam-api-7764b4744b-rbcl8","node":"minikube"} HTTP=200
16:03:59.152058008 {"status":"ok","version":"v2","cache":false,"served_by":"spam-api-7764b4744b-h8hgk","node":"minikube-m02"} HTTP=200
16:03:59.360032216 {"status":"ok","version":"v2","cache":false,"served_by":"spam-api-7764b4744b-h8hgk","node":"minikube-m02"} HTTP=200
16:03:59.568187216 {"status":"ok","version":"v2","cache":false,"served_by":"spam-api-7764b4744b-h8hgk","node":"minikube-m02"} HTTP=200
16:03:59.774844841 {"status":"ok","version":"v2","cache":false,"served_by":"spam-api-7764b4744b-h8hgk","node":"minikube-m02"} HTTP=200
16:03:59.980999925 {"status":"ok","version":"v2","cache":false,"served_by":"spam-api-7764b4744b-h8hgk","node":"minikube-m02"} HTTP=200
16:04:00.190190591 {"status":"ok","version":"v2","cache":false,"served_by":"spam-api-7764b4744b-h8hgk","node":"minikube-m02"} HTTP=200
16:04:00.399514592 {"status":"ok","version":"v2","cache":false,"served_by":"spam-api-7764b4744b-rbcl8","node":"minikube"} HTTP=200
16:04:00.605428300 {"status":"ok","version":"v2","cache":false,"served_by":"spam-api-7764b4744b-rbcl8","node":"minikube"} HTTP=200
16:04:00.811970967 {"status":"ok","version":"v2","cache":false,"served_by":"spam-api-7764b4744b-h8hgk","node":"minikube-m02"} HTTP=200
16:04:01.18522509 {"status":"ok","version":"v2","cache":false,"served_by":"spam-api-7764b4744b-h8hgk","node":"minikube-m02"} HTTP=200
16:04:01.225361384 {"status":"ok","version":"v2","cache":false,"served_by":"spam-api-7764b4744b-h8hgk","node":"minikube-m02"} HTTP=200
16:04:01.432783175 {"status":"ok","version":"v2","cache":false,"served_by":"spam-api-7764b4744b-rbcl8","node":"minikube"} HTTP=200
16:04:01.640230009 {"status":"ok","version":"v2","cache":false,"served_by":"spam-api-7764b4744b-rbcl8","node":"minikube"} HTTP=200
16:04:01.847847426 {"status":"ok","version":"v2","cache":false,"served_by":"spam-api-7764b4744b-h8hgk","node":"minikube-m02"} HTTP=200
16:04:02.57060009 {"status":"ok","version":"v2","cache":false,"served_by":"spam-api-7764b4744b-rbcl8","node":"minikube"} HTTP=200
16:04:02.266576509 {"status":"ok","version":"v2","cache":false,"served_by":"spam-api-7764b4744b-h8hgk","node":"minikube-m02"} HTTP=200
16:04:02.478252968 {"status":"ok","version":"v2","cache":false,"served_by":"spam-api-7764b4744b-rbcl8","node":"minikube"} HTTP=200
16:04:02.687908759 {"status":"ok","version":"v2","cache":false,"served_by":"spam-api-7764b4744b-h8hgk","node":"minikube-m02"} HTTP=200
16:04:02.898254468 {"status":"ok","version":"v2","cache":false,"served_by":"spam-api-7764b4744b-rbcl8","node":"minikube"} HTTP=200
16:04:03.110110343 {"status":"ok","version":"v2","cache":false,"served_by":"spam-api-7764b4744b-rbcl8","node":"minikube"} HTTP=200
16:04:03.321613051 {"status":"ok","version":"v2","cache":false,"served_by":"spam-api-7764b4744b-rbcl8","node":"minikube"} HTTP=200
16:04:03.534759760 {"status":"ok","version":"v2","cache":false,"served_by":"spam-api-7764b4744b-rbcl8","node":"minikube"} HTTP=200
16:04:03.749400968 {"status":"ok","version":"v2","cache":false,"served_by":"spam-api-7764b4744b-h8hgk","node":"minikube-m02"} HTTP=200
16:04:03.965407885 {"status":"ok","version":"v2","cache":false,"served_by":"spam-api-7764b4744b-h8hgk","node":"minikube-m02"} HTTP=200
16:04:04.177073885 {"status":"ok","version":"v2","cache":false,"served_by":"spam-api-7764b4744b-rbcl8","node":"minikube"} HTTP=200
16:04:04.388286843 {"status":"ok","version":"v2","cache":false,"served_by":"spam-api-7764b4744b-rbcl8","node":"minikube"} HTTP=200
16:04:04.598114385 {"status":"ok","version":"v2","cache":false,"served_by":"spam-api-7764b4744b-h8hgk","node":"minikube-m02"} HTTP=200
16:04:04.809588427 {"status":"ok","version":"v2","cache":false,"served_by":"spam-api-7764b4744b-h8hgk","node":"minikube-m02"} HTTP=200
16:04:05.21439219 {"status":"ok","version":"v2","cache":false,"served_by":"spam-api-7764b4744b-rbcl8","node":"minikube"} HTTP=200
16:04:05.230020927 {"status":"ok","version":"v2","cache":false,"served_by":"spam-api-7764b4744b-rbcl8","node":"minikube"} HTTP=200
16:04:05.443061511 {"status":"ok","version":"v2","cache":false,"served_by":"spam-api-7764b4744b-h8hgk","node":"minikube-m02"} HTTP=200
16:04:05.652098552 {"status":"ok","version":"v2","cache":false,"served_by":"spam-api-7764b4744b-h8hgk","node":"minikube-m02"} HTTP=200
16:04:05.859937636 {"status":"ok","version":"v2","cache":false,"served_by":"spam-api-7764b4744b-h8hgk","node":"minikube-m02"} HTTP=200
16:04:06.66480219 {"status":"ok","version":"v2","cache":false,"served_by":"spam-api-7764b4744b-h8hgk","node":"minikube-m02"} HTTP=200
16:04:06.273369303 {"status":"ok","version":"v2","cache":false,"served_by":"spam-api-7764b4744b-rbcl8","node":"minikube"} HTTP=200
16:04:06.480766469 {"status":"ok","version":"v2","cache":false,"served_by":"spam-api-7764b4744b-h8hgk","node":"minikube-m02"} HTTP=200
16:04:06.687183803 {"status":"ok","version":"v2","cache":false,"served_by":"spam-api-7764b4744b-h8hgk","node":"minikube-m02"} HTTP=200
16:04:06.894933386 {"status":"ok","version":"v2","cache":false,"served_by":"spam-api-7764b4744b-h8hgk","node":"minikube-m02"} HTTP=200
16:04:07.101948595 {"status":"ok","version":"v2","cache":false,"served_by":"spam-api-7764b4744b-h8hgk","node":"minikube-m02"} HTTP=200
16:04:07.312080428 {"status":"ok","version":"v2","cache":false,"served_by":"spam-api-7764b4744b-h8hgk","node":"minikube-m02"} HTTP=200
16:04:07.518575678 {"status":"ok","version":"v2","cache":false,"served_by":"spam-api-7764b4744b-h8hgk","node":"minikube-m02"} HTTP=200
16:04:07.725385928 {"status":"ok","version":"v2","cache":false,"served_by":"spam-api-7764b4744b-rbcl8","node":"minikube"} HTTP=200
16:04:07.935040304 {"status":"ok","version":"v2","cache":false,"served_by":"spam-api-7764b4744b-h8hgk","node":"minikube-m02"} HTTP=200
16:04:08.144687887 {"status":"ok","version":"v2","cache":false,"served_by":"spam-api-7764b4744b-rbcl8","node":"minikube"} HTTP=200
16:04:08.352050387 {"status":"ok","version":"v2","cache":false,"served_by":"spam-api-7764b4744b-h8hgk","node":"minikube-m02"} HTTP=200
16:04:08.557927095 {"status":"ok","version":"v2","cache":false,"served_by":"spam-api-7764b4744b-rbcl8","node":"minikube"} HTTP=200
16:04:08.766202721 {"status":"ok","version":"v2","cache":false,"served_by":"spam-api-7764b4744b-h8hgk","node":"minikube-m02"} HTTP=200
16:04:08.974569262 {"status":"ok","version":"v2","cache":false,"served_by":"spam-api-7764b4744b-rbcl8","node":"minikube"} HTTP=200
16:04:09.181197762 {"status":"ok","version":"v2","cache":false,"served_by":"spam-api-7764b4744b-h8hgk","node":"minikube-m02"} HTTP=200
16:04:09.390339013 {"status":"ok","version":"v2","cache":false,"served_by":"spam-api-7764b4744b-rbcl8","node":"minikube"} HTTP=200
16:04:09.596532846 {"status":"ok","version":"v2","cache":false,"served_by":"spam-api-7764b4744b-rbcl8","node":"minikube"} HTTP=200
16:04:09.807979513 {"status":"ok","version":"v2","cache":false,"served_by":"spam-api-7764b4744b-rbcl8","node":"minikube"} HTTP=200
16:04:10.17574221 {"status":"ok","version":"v2","cache":false,"served_by":"spam-api-7764b4744b-h8hgk","node":"minikube-m02"} HTTP=200
16:04:10.224760305 {"status":"ok","version":"v2","cache":false,"served_by":"spam-api-7764b4744b-rbcl8","node":"minikube"} HTTP=200
16:04:10.431493888 {"status":"ok","version":"v2","cache":false,"served_by":"spam-api-7764b4744b-h8hgk","node":"minikube-m02"} HTTP=200
16:04:10.639357596 {"status":"ok","version":"v2","cache":false,"served_by":"spam-api-7764b4744b-rbcl8","node":"minikube"} HTTP=200
16:04:10.846003180 {"status":"ok","version":"v2","cache":false,"served_by":"spam-api-7764b4744b-rbcl8","node":"minikube"} HTTP=200
16:04:11.52221180 {"status":"ok","version":"v2","cache":false,"served_by":"spam-api-7764b4744b-rbcl8","node":"minikube"} HTTP=200
16:04:11.259191805 {"status":"ok","version":"v2","cache":false,"served_by":"spam-api-7764b4744b-rbcl8","node":"minikube"} HTTP=200
16:04:11.465534514 {"status":"ok","version":"v2","cache":false,"served_by":"spam-api-7764b4744b-rbcl8","node":"minikube"} HTTP=200
16:04:11.673255847 {"status":"ok","version":"v2","cache":false,"served_by":"spam-api-7764b4744b-h8hgk","node":"minikube-m02"} HTTP=200
16:04:11.880605639 {"status":"ok","version":"v2","cache":false,"served_by":"spam-api-7764b4744b-rbcl8","node":"minikube"} HTTP=200
16:04:12.86610430 {"status":"ok","version":"v2","cache":false,"served_by":"spam-api-7764b4744b-rbcl8","node":"minikube"} HTTP=200
16:04:12.296107347 {"status":"ok","version":"v2","cache":false,"served_by":"spam-api-7764b4744b-rbcl8","node":"minikube"} HTTP=200
16:04:12.503830972 {"status":"ok","version":"v2","cache":false,"served_by":"spam-api-7764b4744b-rbcl8","node":"minikube"} HTTP=200
16:04:12.711519847 {"status":"ok","version":"v2","cache":false,"served_by":"spam-api-7764b4744b-h8hgk","node":"minikube-m02"} HTTP=200
16:04:12.920552889 {"status":"ok","version":"v2","cache":false,"served_by":"spam-api-7764b4744b-h8hgk","node":"minikube-m02"} HTTP=200
16:04:13.129761848 {"status":"ok","version":"v2","cache":false,"served_by":"spam-api-7764b4744b-h8hgk","node":"minikube-m02"} HTTP=200
16:04:13.341951389 {"status":"ok","version":"v2","cache":false,"served_by":"spam-api-7764b4744b-rbcl8","node":"minikube"} HTTP=200
16:04:13.551912306 {"status":"ok","version":"v2","cache":false,"served_by":"spam-api-7764b4744b-h8hgk","node":"minikube-m02"} HTTP=200
16:04:13.761061806 {"status":"ok","version":"v2","cache":false,"served_by":"spam-api-7764b4744b-rbcl8","node":"minikube"} HTTP=200
16:04:13.968616181 {"status":"ok","version":"v2","cache":false,"served_by":"spam-api-7764b4744b-rbcl8","node":"minikube"} HTTP=200
16:04:14.176232515 {"status":"ok","version":"v2","cache":false,"served_by":"spam-api-7764b4744b-rbcl8","node":"minikube"} HTTP=200
16:04:14.386524557 {"status":"ok","version":"v2","cache":false,"served_by":"spam-api-7764b4744b-rbcl8","node":"minikube"} HTTP=200
16:04:14.594019098 {"status":"ok","version":"v2","cache":false,"served_by":"spam-api-7764b4744b-rbcl8","node":"minikube"} HTTP=200
16:04:14.804724932 {"status":"ok","version":"v2","cache":false,"served_by":"spam-api-7764b4744b-h8hgk","node":"minikube-m02"} HTTP=200
16:04:15.12705390 {"status":"ok","version":"v2","cache":false,"served_by":"spam-api-7764b4744b-rbcl8","node":"minikube"} HTTP=200
16:04:15.221256890 {"status":"ok","version":"v2","cache":false,"served_by":"spam-api-7764b4744b-h8hgk","node":"minikube-m02"} HTTP=200
16:04:15.428806515 {"status":"ok","version":"v2","cache":false,"served_by":"spam-api-7764b4744b-rbcl8","node":"minikube"} HTTP=200
16:04:15.635850099 {"status":"ok","version":"v2","cache":false,"served_by":"spam-api-7764b4744b-rbcl8","node":"minikube"} HTTP=200
16:04:15.843524099 {"status":"ok","version":"v2","cache":false,"served_by":"spam-api-7764b4744b-rbcl8","node":"minikube"} HTTP=200
16:04:16.50334516 {"status":"ok","version":"v2","cache":false,"served_by":"spam-api-7764b4744b-rbcl8","node":"minikube"} HTTP=200
16:04:16.256553599 {"status":"ok","version":"v2","cache":false,"served_by":"spam-api-7764b4744b-rbcl8","node":"minikube"} HTTP=200
16:04:16.464420224 {"status":"ok","version":"v2","cache":false,"served_by":"spam-api-7764b4744b-h8hgk","node":"minikube-m02"} HTTP=200
16:04:16.671197933 {"status":"ok","version":"v2","cache":false,"served_by":"spam-api-7764b4744b-h8hgk","node":"minikube-m02"} HTTP=200
16:04:16.879809183 {"status":"ok","version":"v2","cache":false,"served_by":"spam-api-7764b4744b-h8hgk","node":"minikube-m02"} HTTP=200
16:04:17.87505391 {"status":"ok","version":"v2","cache":false,"served_by":"spam-api-7764b4744b-h8hgk","node":"minikube-m02"} HTTP=200
16:04:17.296319266 {"status":"ok","version":"v2","cache":false,"served_by":"spam-api-7764b4744b-rbcl8","node":"minikube"} HTTP=200
16:04:17.505758600 {"status":"ok","version":"v2","cache":false,"served_by":"spam-api-7764b4744b-h8hgk","node":"minikube-m02"} HTTP=200
16:04:17.716918308 {"status":"ok","version":"v2","cache":false,"served_by":"spam-api-7764b4744b-h8hgk","node":"minikube-m02"} HTTP=200
16:04:17.926573433 {"status":"ok","version":"v2","cache":false,"served_by":"spam-api-7764b4744b-rbcl8","node":"minikube"} HTTP=200
16:04:18.137838850 {"status":"ok","version":"v2","cache":false,"served_by":"spam-api-7764b4744b-rbcl8","node":"minikube"} HTTP=200
16:04:18.347497767 {"status":"ok","version":"v2","cache":false,"served_by":"spam-api-7764b4744b-rbcl8","node":"minikube"} HTTP=200
16:04:18.556530934 {"status":"ok","version":"v2","cache":false,"served_by":"spam-api-7764b4744b-rbcl8","node":"minikube"} HTTP=200
16:04:18.763892517 {"status":"ok","version":"v2","cache":false,"served_by":"spam-api-7764b4744b-h8hgk","node":"minikube-m02"} HTTP=200
16:04:18.975577142 {"status":"ok","version":"v2","cache":false,"served_by":"spam-api-7764b4744b-rbcl8","node":"minikube"} HTTP=200
16:04:19.183386642 {"status":"ok","version":"v2","cache":false,"served_by":"spam-api-7764b4744b-h8hgk","node":"minikube-m02"} HTTP=200
16:04:19.391125642 {"status":"ok","version":"v2","cache":false,"served_by":"spam-api-7764b4744b-rbcl8","node":"minikube"} HTTP=200
16:04:19.598837517 {"status":"ok","version":"v2","cache":false,"served_by":"spam-api-7764b4744b-rbcl8","node":"minikube"} HTTP=200
16:04:19.807170893 {"status":"ok","version":"v2","cache":false,"served_by":"spam-api-7764b4744b-h8hgk","node":"minikube-m02"} HTTP=200
16:04:20.17850476 {"status":"ok","version":"v2","cache":false,"served_by":"spam-api-7764b4744b-rbcl8","node":"minikube"} HTTP=200
16:04:20.224836684 {"status":"ok","version":"v2","cache":false,"served_by":"spam-api-7764b4744b-h8hgk","node":"minikube-m02"} HTTP=200
16:04:20.432683809 {"status":"ok","version":"v2","cache":false,"served_by":"spam-api-7764b4744b-h8hgk","node":"minikube-m02"} HTTP=200
16:04:20.638819935 {"status":"ok","version":"v2","cache":false,"served_by":"spam-api-7764b4744b-rbcl8","node":"minikube"} HTTP=200
16:04:20.845025726 {"status":"ok","version":"v2","cache":false,"served_by":"spam-api-7764b4744b-h8hgk","node":"minikube-m02"} HTTP=200
16:04:21.51154935 {"status":"ok","version":"v2","cache":false,"served_by":"spam-api-7764b4744b-h8hgk","node":"minikube-m02"} HTTP=200
16:04:21.257458352 {"status":"ok","version":"v2","cache":false,"served_by":"spam-api-7764b4744b-h8hgk","node":"minikube-m02"} HTTP=200
16:04:21.465495643 {"status":"ok","version":"v2","cache":false,"served_by":"spam-api-7764b4744b-h8hgk","node":"minikube-m02"} HTTP=200
16:04:21.673444268 {"status":"ok","version":"v2","cache":false,"served_by":"spam-api-7764b4744b-rbcl8","node":"minikube"} HTTP=200
16:04:21.879870560 {"status":"ok","version":"v2","cache":false,"served_by":"spam-api-7764b4744b-rbcl8","node":"minikube"} HTTP=200
16:04:22.86285477 {"status":"ok","version":"v2","cache":false,"served_by":"spam-api-7764b4744b-rbcl8","node":"minikube"} HTTP=200
16:04:22.294088227 {"status":"ok","version":"v2","cache":false,"served_by":"spam-api-7764b4744b-rbcl8","node":"minikube"} HTTP=200
16:04:22.504295685 {"status":"ok","version":"v2","cache":false,"served_by":"spam-api-7764b4744b-h8hgk","node":"minikube-m02"} HTTP=200
16:04:22.712251644 {"status":"ok","version":"v2","cache":false,"served_by":"spam-api-7764b4744b-h8hgk","node":"minikube-m02"} HTTP=200
16:04:22.919405352 {"status":"ok","version":"v2","cache":false,"served_by":"spam-api-7764b4744b-h8hgk","node":"minikube-m02"} HTTP=200
16:04:23.128651769 {"status":"ok","version":"v2","cache":false,"served_by":"spam-api-7764b4744b-h8hgk","node":"minikube-m02"} HTTP=200
16:04:23.336060186 {"status":"ok","version":"v2","cache":false,"served_by":"spam-api-7764b4744b-h8hgk","node":"minikube-m02"} HTTP=200
16:04:23.545171644 {"status":"ok","version":"v2","cache":false,"served_by":"spam-api-7764b4744b-rbcl8","node":"minikube"} HTTP=200
16:04:23.752345061 {"status":"ok","version":"v2","cache":false,"served_by":"spam-api-7764b4744b-rbcl8","node":"minikube"} HTTP=200
16:04:23.960432811 {"status":"ok","version":"v2","cache":false,"served_by":"spam-api-7764b4744b-h8hgk","node":"minikube-m02"} HTTP=200
16:04:24.168215395 {"status":"ok","version":"v2","cache":false,"served_by":"spam-api-7764b4744b-h8hgk","node":"minikube-m02"} HTTP=200
16:04:24.375066728 {"status":"ok","version":"v2","cache":false,"served_by":"spam-api-7764b4744b-h8hgk","node":"minikube-m02"} HTTP=200
16:04:24.582461145 {"status":"ok","version":"v2","cache":false,"served_by":"spam-api-7764b4744b-rbcl8","node":"minikube"} HTTP=200
16:04:24.788811145 {"status":"ok","version":"v2","cache":false,"served_by":"spam-api-7764b4744b-h8hgk","node":"minikube-m02"} HTTP=200
16:04:24.996381020 {"status":"ok","version":"v2","cache":false,"served_by":"spam-api-7764b4744b-rbcl8","node":"minikube"} HTTP=200
16:04:25.206826270 {"status":"ok","version":"v2","cache":false,"served_by":"spam-api-7764b4744b-h8hgk","node":"minikube-m02"} HTTP=200
16:04:25.414786479 {"status":"ok","version":"v2","cache":false,"served_by":"spam-api-7764b4744b-rbcl8","node":"minikube"} HTTP=200
16:04:25.622345020 {"status":"ok","version":"v2","cache":false,"served_by":"spam-api-7764b4744b-h8hgk","node":"minikube-m02"} HTTP=200
16:04:25.829577687 {"status":"ok","version":"v2","cache":false,"served_by":"spam-api-7764b4744b-h8hgk","node":"minikube-m02"} HTTP=200
